******************************************************************************
                  TI ARM Linker PC v20.2.7                     
******************************************************************************
>> Linked Tue Jul 18 18:06:46 2023

OUTPUT FILE NAME:   <Program1.out>
ENTRY POINT SYMBOL: "_c_int00_noargs"  address: 00004a75


MEMORY CONFIGURATION

         name            origin    length      used     unused   attr    fill
----------------------  --------  ---------  --------  --------  ----  --------
  FLASH                 00000000   00040000  00004b6c  0003b494  R  X
  SRAM                  20000000   00008000  00002bb8  00005448  RW X


SEGMENT ALLOCATION MAP

run origin  load origin   length   init length attrs members
----------  ----------- ---------- ----------- ----- -------
00000000    00000000    00004b70   00004b70    r-x
  00000000    00000000    0000026c   0000026c    r-- .intvecs
  0000026c    0000026c    000048bc   000048bc    r-x .text
  00004b28    00004b28    0000000c   0000000c    r-- .const
  00004b38    00004b38    00000038   00000038    r-- .cinit
20000000    20000000    00002bb8   00000000    rw-
  20000000    20000000    00002958   00000000    rw- .bss
  20002958    20002958    00000200   00000000    rw- .stack
  20002b58    20002b58    00000060   00000000    rw- .data


SECTION ALLOCATION MAP

 output                                  attributes/
section   page    origin      length       input sections
--------  ----  ----------  ----------   ----------------
.intvecs   0    00000000    0000026c     
                  00000000    0000026c     tm4c123gh6pm_startup_ccs.obj (.intvecs)

.text      0    0000026c    000048bc     
                  0000026c    000021ec     tasks.obj (.text)
                  00002458    000010c0     queue.obj (.text)
                  00003518    000006ec     timers.obj (.text)
                  00003c04    00000468     heap_4.obj (.text)
                  0000406c    000002bc     port.obj (.text)
                  00004328    0000016c     driverlib.lib : gpio.obj (.text:GPIOPadConfigSet)
                  00004494    0000012a     list.obj (.text)
                  000045be    00000002     --HOLE-- [fill = 0]
                  000045c0    000000f4     driverlib.lib : sysctl.obj (.text:SysCtlClockSet)
                  000046b4    000000da     portasm.obj (.text)
                  0000478e    00000002     --HOLE-- [fill = 0]
                  00004790    000000b4     main.obj (.text)
                  00004844    0000009c     rtsv7M4_T_le_v4SPD16_eabi.lib : memcpy_t2.asm.obj (.text)
                  000048e0    0000007a                                   : memset_t2.asm.obj (.text)
                  0000495a    00000068                                   : copy_decompress_lzss.c.obj (.text:decompress:lzss:__TI_decompress_lzss)
                  000049c2    00000002     --HOLE-- [fill = 0]
                  000049c4    00000044                                   : autoinit.c.obj (.text:__TI_auto_init_nobinit_nopinit:__TI_auto_init_nobinit_nopinit)
                  00004a08    00000038     driverlib.lib : sysctl.obj (.text:SysCtlPeripheralReady)
                  00004a40    00000034                   : sysctl.obj (.text:SysCtlPeripheralEnable)
                  00004a74    00000034     rtsv7M4_T_le_v4SPD16_eabi.lib : boot_cortex_m.c.obj (.text:_c_int00_noargs:_c_int00_noargs)
                  00004aa8    0000002c     driverlib.lib : gpio.obj (.text:GPIODirModeSet)
                  00004ad4    0000001a                   : gpio.obj (.text:GPIOPinTypeGPIOOutput)
                  00004aee    0000000e     rtsv7M4_T_le_v4SPD16_eabi.lib : copy_decompress_none.c.obj (.text:decompress:none:__TI_decompress_none)
                  00004afc    0000000c                                   : copy_zero_init.c.obj (.text:decompress:ZI:__TI_zero_init)
                  00004b08    0000000c     tm4c123gh6pm_startup_ccs.obj (.text)
                  00004b14    00000006     driverlib.lib : gpio.obj (.text:GPIOPinWrite)
                  00004b1a    00000006                   : sysctl.obj (.text:SysCtlDelay)
                  00004b20    00000004     rtsv7M4_T_le_v4SPD16_eabi.lib : pre_init.c.obj (.text:_system_pre_init)
                  00004b24    00000004                                   : exit.c.obj (.text:abort:abort)

.const     0    00004b28    0000000c     
                  00004b28    00000008     port.obj (.const)
                  00004b30    00000004     tasks.obj (.const)

.cinit     0    00004b38    00000038     
                  00004b38    00000012     (.cinit..data.load) [load image, compression = lzss]
                  00004b4a    00000002     --HOLE-- [fill = 0]
                  00004b4c    0000000c     (__TI_handler_table)
                  00004b58    00000008     (.cinit..bss.load) [load image, compression = zero_init]
                  00004b60    00000010     (__TI_cinit_table)

.init_array 
*          0    00000000    00000000     UNINITIALIZED

.bss       0    20000000    00002958     UNINITIALIZED
                  20000000    00002800     heap_4.obj (.bss:ucHeap)
                  20002800    00000064     tasks.obj (.bss:pxReadyTasksLists)
                  20002864    00000050     (.common:xQueueRegistry)
                  200028b4    00000014     timers.obj (.bss:xActiveTimerList1)
                  200028c8    00000014     timers.obj (.bss:xActiveTimerList2)
                  200028dc    00000014     tasks.obj (.bss:xDelayedTaskList1)
                  200028f0    00000014     tasks.obj (.bss:xDelayedTaskList2)
                  20002904    00000014     tasks.obj (.bss:xPendingReadyList)
                  20002918    00000014     tasks.obj (.bss:xSuspendedTaskList)
                  2000292c    00000014     tasks.obj (.bss:xTasksWaitingTermination)
                  20002940    00000008     tasks.obj (.bss)
                  20002948    00000008     timers.obj (.bss)
                  20002950    00000008     heap_4.obj (.bss:xStart)

.data      0    20002b58    00000060     UNINITIALIZED
                  20002b58    00000034     tasks.obj (.data)
                  20002b8c    00000014     heap_4.obj (.data)
                  20002ba0    0000000c     port.obj (.data)
                  20002bac    0000000c     timers.obj (.data)

.stack     0    20002958    00000200     UNINITIALIZED
                  20002958    00000004     rtsv7M4_T_le_v4SPD16_eabi.lib : boot_cortex_m.c.obj (.stack)
                  2000295c    000001fc     --HOLE--

__llvm_prf_cnts 
*          0    20000000    00000000     UNINITIALIZED

MODULE SUMMARY

       Module                         code    ro data   rw data
       ------                         ----    -------   -------
    .\
       tm4c123gh6pm_startup_ccs.obj   12      620       0      
       main.obj                       180     0         0      
    +--+------------------------------+-------+---------+---------+
       Total:                         192     620       0      
                                                               
    .\FreeRTOS\
       tasks.obj                      8684    4         260    
       queue.obj                      4288    0         80     
       timers.obj                     1772    0         60     
       list.obj                       298     0         0      
    +--+------------------------------+-------+---------+---------+
       Total:                         15042   4         400    
                                                               
    .\FreeRTOS\portable\CCS\ARM_CM4F\
       port.obj                       700     8         12     
       portasm.obj                    218     0         0      
    +--+------------------------------+-------+---------+---------+
       Total:                         918     8         12     
                                                               
    .\FreeRTOS\portable\MemMang\
       heap_4.obj                     1128    0         10268  
    +--+------------------------------+-------+---------+---------+
       Total:                         1128    0         10268  
                                                               
    C:/ti/TivaWare_C_Series-2.2.0.295/driverlib/ccs/Debug/driverlib.lib
       gpio.obj                       440     0         0      
       sysctl.obj                     358     0         0      
    +--+------------------------------+-------+---------+---------+
       Total:                         798     0         0      
                                                               
    C:\ti\ccs1210\ccs\tools\compiler\ti-cgt-arm_20.2.7.LTS\lib\rtsv7M4_T_le_v4SPD16_eabi.lib
       memcpy_t2.asm.obj              156     0         0      
       memset_t2.asm.obj              122     0         0      
       copy_decompress_lzss.c.obj     104     0         0      
       autoinit.c.obj                 68      0         0      
       boot_cortex_m.c.obj            52      0         0      
       copy_decompress_none.c.obj     14      0         0      
       copy_zero_init.c.obj           12      0         0      
       exit.c.obj                     4       0         0      
       pre_init.c.obj                 4       0         0      
    +--+------------------------------+-------+---------+---------+
       Total:                         536     0         0      
                                                               
       Stack:                         0       0         512    
       Linker Generated:              0       54        0      
    +--+------------------------------+-------+---------+---------+
       Grand Total:                   18614   686       11192  


LINKER GENERATED COPY TABLES

__TI_cinit_table @ 00004b60 records: 2, size/record: 8, table size: 16
	.data: load addr=00004b38, load size=00000012 bytes, run addr=20002b58, run size=00000060 bytes, compression=lzss
	.bss: load addr=00004b58, load size=00000008 bytes, run addr=20000000, run size=00002958 bytes, compression=zero_init


LINKER GENERATED HANDLER TABLE

__TI_handler_table @ 00004b4c records: 3, size/record: 4, table size: 12
	index: 0, handler: __TI_decompress_lzss
	index: 1, handler: __TI_decompress_none
	index: 2, handler: __TI_zero_init


GLOBAL SYMBOLS: SORTED ALPHABETICALLY BY Name 

address   name                               
-------   ----                               
00004b25  C$$EXIT                            
00004aa9  GPIODirModeSet                     
00004329  GPIOPadConfigSet                   
00004ad5  GPIOPinTypeGPIOOutput              
00004b15  GPIOPinWrite                       
00004b09  ResetISR                           
000045c1  SysCtlClockSet                     
00004b1b  SysCtlDelay                        
00004a41  SysCtlPeripheralEnable             
00004a09  SysCtlPeripheralReady              
20002b58  __STACK_END                        
00000200  __STACK_SIZE                       
20002b58  __STACK_TOP                        
00004b60  __TI_CINIT_Base                    
00004b70  __TI_CINIT_Limit                   
00004b4c  __TI_Handler_Table_Base            
00004b58  __TI_Handler_Table_Limit           
000049c5  __TI_auto_init_nobinit_nopinit     
0000495b  __TI_decompress_lzss               
00004aef  __TI_decompress_none               
ffffffff  __TI_pprof_out_hndl                
ffffffff  __TI_prof_data_size                
ffffffff  __TI_prof_data_start               
00000000  __TI_static_base__                 
00004afd  __TI_zero_init                     
000048e1  __aeabi_memclr                     
000048e1  __aeabi_memclr4                    
000048e1  __aeabi_memclr8                    
00004845  __aeabi_memcpy                     
00004845  __aeabi_memcpy4                    
00004845  __aeabi_memcpy8                    
000048e3  __aeabi_memset                     
000048e3  __aeabi_memset4                    
000048e3  __aeabi_memset8                    
ffffffff  __binit__                          
ffffffff  __c_args__                         
UNDEFED   __mpu_init                         
20002958  __stack                            
20000000  __start___llvm_prf_cnts            
20000000  __stop___llvm_prf_cnts             
00004a75  _c_int00_noargs                    
UNDEFED   _system_post_cinit                 
00004b21  _system_pre_init                   
00004b25  abort                              
ffffffff  binit                              
00000000  g_pfnVectors                       
00004791  main                               
00004845  memcpy                             
000048e9  memset                             
00003419  pcQueueGetName                     
00000e07  pcTaskGetName                      
00003743  pcTimerGetName                     
00003de9  pvPortCalloc                       
00003c05  pvPortMalloc                       
0000166b  pvTaskGetThreadLocalStoragePointer 
00001b41  pvTaskIncrementMutexHeldCount      
00003b93  pvTimerGetTimerID                  
20002b58  pxCurrentTCB                       
0000406d  pxPortInitialiseStack              
00004b28  ulMaxSyscallInterruptPriority      
000046c5  ulPortGetIPSR                      
00001b59  ulTaskGenericNotifyTake            
0000232d  ulTaskGenericNotifyValueClear      
00004577  uxListRemove                       
0000308f  uxQueueMessagesWaiting             
000030e7  uxQueueMessagesWaitingFromISR      
000030b9  uxQueueSpacesAvailable             
00000e01  uxTaskGetNumberOfTasks             
000006a1  uxTaskPriorityGet                  
000006cd  uxTaskPriorityGetFromISR           
00001b19  uxTaskResetEventItemValue          
00003717  uxTimerGetReloadMode               
00004b30  uxTopUsedPriority                  
00004823  vAssertCalled                      
00004495  vListInitialise                    
000044c5  vListInitialiseItem                
00004511  vListInsert                        
000044d5  vListInsertEnd                     
00004781  vPortEnableVFP                     
000041a5  vPortEndScheduler                  
000041c5  vPortEnterCritical                 
00004203  vPortExitCritical                  
00003d4b  vPortFree                          
00003fa5  vPortGetHeapStats                  
00003de7  vPortInitialiseBlocks              
0000473d  vPortSVCHandler                    
00004251  vPortSetupTimerInterrupt           
0000475d  vPortStartFirstTask                
0000426b  vPortValidateInterruptPriority     
0000339b  vQueueAddToRegistry                
00003107  vQueueDelete                       
00003463  vQueueUnregisterQueue              
000034b1  vQueueWaitForMessageRestricted     
0000064d  vTaskDelay                         
000004b7  vTaskDelete                        
00000bfd  vTaskEndScheduler                  
0000211d  vTaskGenericNotifyGiveFromISR      
00001519  vTaskInternalSetTimeOutState       
000015e1  vTaskMissedYield                   
000010fb  vTaskPlaceOnEventList              
000011c7  vTaskPlaceOnEventListRestricted    
00001139  vTaskPlaceOnUnorderedEventList     
000019ed  vTaskPriorityDisinheritAfterTimeout
00000721  vTaskPrioritySet                   
000013b3  vTaskRemoveFromUnorderedEventList  
000009ad  vTaskResume                        
00001621  vTaskSetThreadLocalStoragePointer  
000014ed  vTaskSetTimeOutState               
00000b8d  vTaskStartScheduler                
00000883  vTaskSuspend                       
00000c19  vTaskSuspendAll                    
00001071  vTaskSwitchContext                 
0000369d  vTimerSetReloadMode                
00003bbb  vTimerSetTimerID                   
00003ddb  xPortGetFreeHeapSize               
00003de1  xPortGetMinimumEverFreeHeapSize    
000046dd  xPortPendSVHandler                 
000040f3  xPortStartScheduler                
0000422b  xPortSysTickHandler                
00002659  xQueueCreateCountingSemaphore      
0000262d  xQueueCreateMutex                  
0000254d  xQueueGenericCreate                
00002459  xQueueGenericReset                 
0000269d  xQueueGenericSend                  
00002851  xQueueGenericSendFromISR           
00002979  xQueueGiveFromISR                  
0000331b  xQueueIsQueueEmptyFromISR          
0000336b  xQueueIsQueueFullFromISR           
00002d91  xQueuePeek                         
00002ff5  xQueuePeekFromISR                  
00002a81  xQueueReceive                      
00002f01  xQueueReceiveFromISR               
20002864  xQueueRegistry                     
00002bed  xQueueSemaphoreTake                
00000e49  xTaskCatchUpTicks                  
0000153d  xTaskCheckForTimeOut               
0000026d  xTaskCreate                        
00000563  xTaskDelayUntil                    
00001cf9  xTaskGenericNotify                 
00001ed5  xTaskGenericNotifyFromISR          
000022c9  xTaskGenericNotifyStateClear       
00001c17  xTaskGenericNotifyWait             
00001779  xTaskGetCurrentTaskHandle          
00001795  xTaskGetSchedulerState             
00000ddd  xTaskGetTickCount                  
00000ded  xTaskGetTickCountFromISR           
00000ea5  xTaskIncrementTick                 
000018f5  xTaskPriorityDisinherit            
000017c1  xTaskPriorityInherit               
0000124d  xTaskRemoveFromEventList           
00000c29  xTaskResumeAll                     
00000a91  xTaskResumeFromISR                 
00003551  xTimerCreate                       
00003519  xTimerCreateTimerTask              
000035e9  xTimerGenericCommand               
00003723  xTimerGetExpiryTime                
00003681  xTimerGetPeriod                    
000036e1  xTimerGetReloadMode                
00003663  xTimerGetTimerDaemonTaskHandle     
00003b5d  xTimerIsTimerActive                


GLOBAL SYMBOLS: SORTED BY Symbol Address 

address   name                               
-------   ----                               
00000000  __TI_static_base__                 
00000000  g_pfnVectors                       
00000200  __STACK_SIZE                       
0000026d  xTaskCreate                        
000004b7  vTaskDelete                        
00000563  xTaskDelayUntil                    
0000064d  vTaskDelay                         
000006a1  uxTaskPriorityGet                  
000006cd  uxTaskPriorityGetFromISR           
00000721  vTaskPrioritySet                   
00000883  vTaskSuspend                       
000009ad  vTaskResume                        
00000a91  xTaskResumeFromISR                 
00000b8d  vTaskStartScheduler                
00000bfd  vTaskEndScheduler                  
00000c19  vTaskSuspendAll                    
00000c29  xTaskResumeAll                     
00000ddd  xTaskGetTickCount                  
00000ded  xTaskGetTickCountFromISR           
00000e01  uxTaskGetNumberOfTasks             
00000e07  pcTaskGetName                      
00000e49  xTaskCatchUpTicks                  
00000ea5  xTaskIncrementTick                 
00001071  vTaskSwitchContext                 
000010fb  vTaskPlaceOnEventList              
00001139  vTaskPlaceOnUnorderedEventList     
000011c7  vTaskPlaceOnEventListRestricted    
0000124d  xTaskRemoveFromEventList           
000013b3  vTaskRemoveFromUnorderedEventList  
000014ed  vTaskSetTimeOutState               
00001519  vTaskInternalSetTimeOutState       
0000153d  xTaskCheckForTimeOut               
000015e1  vTaskMissedYield                   
00001621  vTaskSetThreadLocalStoragePointer  
0000166b  pvTaskGetThreadLocalStoragePointer 
00001779  xTaskGetCurrentTaskHandle          
00001795  xTaskGetSchedulerState             
000017c1  xTaskPriorityInherit               
000018f5  xTaskPriorityDisinherit            
000019ed  vTaskPriorityDisinheritAfterTimeout
00001b19  uxTaskResetEventItemValue          
00001b41  pvTaskIncrementMutexHeldCount      
00001b59  ulTaskGenericNotifyTake            
00001c17  xTaskGenericNotifyWait             
00001cf9  xTaskGenericNotify                 
00001ed5  xTaskGenericNotifyFromISR          
0000211d  vTaskGenericNotifyGiveFromISR      
000022c9  xTaskGenericNotifyStateClear       
0000232d  ulTaskGenericNotifyValueClear      
00002459  xQueueGenericReset                 
0000254d  xQueueGenericCreate                
0000262d  xQueueCreateMutex                  
00002659  xQueueCreateCountingSemaphore      
0000269d  xQueueGenericSend                  
00002851  xQueueGenericSendFromISR           
00002979  xQueueGiveFromISR                  
00002a81  xQueueReceive                      
00002bed  xQueueSemaphoreTake                
00002d91  xQueuePeek                         
00002f01  xQueueReceiveFromISR               
00002ff5  xQueuePeekFromISR                  
0000308f  uxQueueMessagesWaiting             
000030b9  uxQueueSpacesAvailable             
000030e7  uxQueueMessagesWaitingFromISR      
00003107  vQueueDelete                       
0000331b  xQueueIsQueueEmptyFromISR          
0000336b  xQueueIsQueueFullFromISR           
0000339b  vQueueAddToRegistry                
00003419  pcQueueGetName                     
00003463  vQueueUnregisterQueue              
000034b1  vQueueWaitForMessageRestricted     
00003519  xTimerCreateTimerTask              
00003551  xTimerCreate                       
000035e9  xTimerGenericCommand               
00003663  xTimerGetTimerDaemonTaskHandle     
00003681  xTimerGetPeriod                    
0000369d  vTimerSetReloadMode                
000036e1  xTimerGetReloadMode                
00003717  uxTimerGetReloadMode               
00003723  xTimerGetExpiryTime                
00003743  pcTimerGetName                     
00003b5d  xTimerIsTimerActive                
00003b93  pvTimerGetTimerID                  
00003bbb  vTimerSetTimerID                   
00003c05  pvPortMalloc                       
00003d4b  vPortFree                          
00003ddb  xPortGetFreeHeapSize               
00003de1  xPortGetMinimumEverFreeHeapSize    
00003de7  vPortInitialiseBlocks              
00003de9  pvPortCalloc                       
00003fa5  vPortGetHeapStats                  
0000406d  pxPortInitialiseStack              
000040f3  xPortStartScheduler                
000041a5  vPortEndScheduler                  
000041c5  vPortEnterCritical                 
00004203  vPortExitCritical                  
0000422b  xPortSysTickHandler                
00004251  vPortSetupTimerInterrupt           
0000426b  vPortValidateInterruptPriority     
00004329  GPIOPadConfigSet                   
00004495  vListInitialise                    
000044c5  vListInitialiseItem                
000044d5  vListInsertEnd                     
00004511  vListInsert                        
00004577  uxListRemove                       
000045c1  SysCtlClockSet                     
000046c5  ulPortGetIPSR                      
000046dd  xPortPendSVHandler                 
0000473d  vPortSVCHandler                    
0000475d  vPortStartFirstTask                
00004781  vPortEnableVFP                     
00004791  main                               
00004823  vAssertCalled                      
00004845  __aeabi_memcpy                     
00004845  __aeabi_memcpy4                    
00004845  __aeabi_memcpy8                    
00004845  memcpy                             
000048e1  __aeabi_memclr                     
000048e1  __aeabi_memclr4                    
000048e1  __aeabi_memclr8                    
000048e3  __aeabi_memset                     
000048e3  __aeabi_memset4                    
000048e3  __aeabi_memset8                    
000048e9  memset                             
0000495b  __TI_decompress_lzss               
000049c5  __TI_auto_init_nobinit_nopinit     
00004a09  SysCtlPeripheralReady              
00004a41  SysCtlPeripheralEnable             
00004a75  _c_int00_noargs                    
00004aa9  GPIODirModeSet                     
00004ad5  GPIOPinTypeGPIOOutput              
00004aef  __TI_decompress_none               
00004afd  __TI_zero_init                     
00004b09  ResetISR                           
00004b15  GPIOPinWrite                       
00004b1b  SysCtlDelay                        
00004b21  _system_pre_init                   
00004b25  C$$EXIT                            
00004b25  abort                              
00004b28  ulMaxSyscallInterruptPriority      
00004b30  uxTopUsedPriority                  
00004b4c  __TI_Handler_Table_Base            
00004b58  __TI_Handler_Table_Limit           
00004b60  __TI_CINIT_Base                    
00004b70  __TI_CINIT_Limit                   
20000000  __start___llvm_prf_cnts            
20000000  __stop___llvm_prf_cnts             
20002864  xQueueRegistry                     
20002958  __stack                            
20002b58  __STACK_END                        
20002b58  __STACK_TOP                        
20002b58  pxCurrentTCB                       
ffffffff  __TI_pprof_out_hndl                
ffffffff  __TI_prof_data_size                
ffffffff  __TI_prof_data_start               
ffffffff  __binit__                          
ffffffff  __c_args__                         
ffffffff  binit                              
UNDEFED   __mpu_init                         
UNDEFED   _system_post_cinit                 

[160 symbols]
