<?xml version="1.0" encoding="ISO-8859-1" ?>
<link_info>
   <banner>TI ARM Linker PC v20.2.7.LTS</banner>
   <copyright>Copyright (c) 1996-2018 Texas Instruments Incorporated</copyright>
   <link_time>0x64b627ae</link_time>
   <link_errors>0x0</link_errors>
   <output_file>Program1.out</output_file>
   <entry_point>
      <name>_c_int00_noargs</name>
      <address>0x3575</address>
   </entry_point>
   <input_file_list>
      <input_file id="fl-2">
         <path>.\</path>
         <kind>object</kind>
         <file>main.obj</file>
         <name>main.obj</name>
      </input_file>
      <input_file id="fl-3">
         <path>.\</path>
         <kind>object</kind>
         <file>tm4c123gh6pm_startup_ccs.obj</file>
         <name>tm4c123gh6pm_startup_ccs.obj</name>
      </input_file>
      <input_file id="fl-4">
         <path>.\FreeRTOS\</path>
         <kind>object</kind>
         <file>croutine.obj</file>
         <name>croutine.obj</name>
      </input_file>
      <input_file id="fl-5">
         <path>.\FreeRTOS\</path>
         <kind>object</kind>
         <file>event_groups.obj</file>
         <name>event_groups.obj</name>
      </input_file>
      <input_file id="fl-6">
         <path>.\FreeRTOS\</path>
         <kind>object</kind>
         <file>list.obj</file>
         <name>list.obj</name>
      </input_file>
      <input_file id="fl-7">
         <path>.\FreeRTOS\</path>
         <kind>object</kind>
         <file>queue.obj</file>
         <name>queue.obj</name>
      </input_file>
      <input_file id="fl-8">
         <path>.\FreeRTOS\</path>
         <kind>object</kind>
         <file>stream_buffer.obj</file>
         <name>stream_buffer.obj</name>
      </input_file>
      <input_file id="fl-9">
         <path>.\FreeRTOS\</path>
         <kind>object</kind>
         <file>tasks.obj</file>
         <name>tasks.obj</name>
      </input_file>
      <input_file id="fl-a">
         <path>.\FreeRTOS\</path>
         <kind>object</kind>
         <file>timers.obj</file>
         <name>timers.obj</name>
      </input_file>
      <input_file id="fl-b">
         <path>.\FreeRTOS\portable\CCS\ARM_CM4F\</path>
         <kind>object</kind>
         <file>port.obj</file>
         <name>port.obj</name>
      </input_file>
      <input_file id="fl-c">
         <path>.\FreeRTOS\portable\CCS\ARM_CM4F\</path>
         <kind>object</kind>
         <file>portasm.obj</file>
         <name>portasm.obj</name>
      </input_file>
      <input_file id="fl-d">
         <path>.\FreeRTOS\portable\MemMang\</path>
         <kind>object</kind>
         <file>heap_4.obj</file>
         <name>heap_4.obj</name>
      </input_file>
      <input_file id="fl-12">
         <kind>object</kind>
         <file>&lt;internal&gt;</file>
         <name>&lt;internal&gt;</name>
      </input_file>
      <input_file id="fl-c8">
         <path>C:\ti\ccs1210\ccs\tools\compiler\ti-cgt-arm_20.2.7.LTS\lib\</path>
         <kind>archive</kind>
         <file>rtsv7M4_T_le_v4SPD16_eabi.lib</file>
         <name>memcpy_t2.asm.obj</name>
      </input_file>
      <input_file id="fl-c9">
         <path>C:\ti\ccs1210\ccs\tools\compiler\ti-cgt-arm_20.2.7.LTS\lib\</path>
         <kind>archive</kind>
         <file>rtsv7M4_T_le_v4SPD16_eabi.lib</file>
         <name>memset_t2.asm.obj</name>
      </input_file>
      <input_file id="fl-ca">
         <path>C:\ti\ccs1210\ccs\tools\compiler\ti-cgt-arm_20.2.7.LTS\lib\</path>
         <kind>archive</kind>
         <file>rtsv7M4_T_le_v4SPD16_eabi.lib</file>
         <name>copy_zero_init.c.obj</name>
      </input_file>
      <input_file id="fl-cb">
         <path>C:\ti\ccs1210\ccs\tools\compiler\ti-cgt-arm_20.2.7.LTS\lib\</path>
         <kind>archive</kind>
         <file>rtsv7M4_T_le_v4SPD16_eabi.lib</file>
         <name>copy_decompress_none.c.obj</name>
      </input_file>
      <input_file id="fl-cc">
         <path>C:\ti\ccs1210\ccs\tools\compiler\ti-cgt-arm_20.2.7.LTS\lib\</path>
         <kind>archive</kind>
         <file>rtsv7M4_T_le_v4SPD16_eabi.lib</file>
         <name>copy_decompress_lzss.c.obj</name>
      </input_file>
      <input_file id="fl-cd">
         <path>C:\ti\ccs1210\ccs\tools\compiler\ti-cgt-arm_20.2.7.LTS\lib\</path>
         <kind>archive</kind>
         <file>rtsv7M4_T_le_v4SPD16_eabi.lib</file>
         <name>boot_cortex_m.c.obj</name>
      </input_file>
      <input_file id="fl-ce">
         <path>C:\ti\ccs1210\ccs\tools\compiler\ti-cgt-arm_20.2.7.LTS\lib\</path>
         <kind>archive</kind>
         <file>rtsv7M4_T_le_v4SPD16_eabi.lib</file>
         <name>autoinit.c.obj</name>
      </input_file>
      <input_file id="fl-cf">
         <path>C:\ti\ccs1210\ccs\tools\compiler\ti-cgt-arm_20.2.7.LTS\lib\</path>
         <kind>archive</kind>
         <file>rtsv7M4_T_le_v4SPD16_eabi.lib</file>
         <name>pre_init.c.obj</name>
      </input_file>
      <input_file id="fl-d0">
         <path>C:\ti\ccs1210\ccs\tools\compiler\ti-cgt-arm_20.2.7.LTS\lib\</path>
         <kind>archive</kind>
         <file>rtsv7M4_T_le_v4SPD16_eabi.lib</file>
         <name>cpy_tbl.c.obj</name>
      </input_file>
      <input_file id="fl-d1">
         <path>C:\ti\ccs1210\ccs\tools\compiler\ti-cgt-arm_20.2.7.LTS\lib\</path>
         <kind>archive</kind>
         <file>rtsv7M4_T_le_v4SPD16_eabi.lib</file>
         <name>exit.c.obj</name>
      </input_file>
      <input_file id="fl-d2">
         <path>C:\ti\ccs1210\ccs\tools\compiler\ti-cgt-arm_20.2.7.LTS\lib\</path>
         <kind>archive</kind>
         <file>rtsv7M4_T_le_v4SPD16_eabi.lib</file>
         <name>_lock.c.obj</name>
      </input_file>
      <input_file id="fl-d3">
         <path>C:\ti\ccs1210\ccs\tools\compiler\ti-cgt-arm_20.2.7.LTS\lib\</path>
         <kind>archive</kind>
         <file>rtsv7M4_T_le_v4SPD16_eabi.lib</file>
         <name>args_main.c.obj</name>
      </input_file>
      <input_file id="fl-d4">
         <path>C:\ti\TivaWare_C_Series-2.2.0.295\driverlib\ccs\Debug\</path>
         <kind>archive</kind>
         <file>driverlib.lib</file>
         <name>gpio.obj</name>
      </input_file>
      <input_file id="fl-d5">
         <path>C:\ti\TivaWare_C_Series-2.2.0.295\driverlib\ccs\Debug\</path>
         <kind>archive</kind>
         <file>driverlib.lib</file>
         <name>interrupt.obj</name>
      </input_file>
      <input_file id="fl-d6">
         <path>C:\ti\TivaWare_C_Series-2.2.0.295\driverlib\ccs\Debug\</path>
         <kind>archive</kind>
         <file>driverlib.lib</file>
         <name>sysctl.obj</name>
      </input_file>
      <input_file id="fl-d7">
         <path>C:\ti\TivaWare_C_Series-2.2.0.295\driverlib\ccs\Debug\</path>
         <kind>archive</kind>
         <file>driverlib.lib</file>
         <name>cpu.obj</name>
      </input_file>
   </input_file_list>
   <object_component_list>
      <object_component id="oc-12">
         <name>.intvecs</name>
         <load_address>0x0</load_address>
         <run_address>0x0</run_address>
         <size>0x278</size>
         <input_file_ref idref="fl-3"/>
      </object_component>
      <object_component id="oc-7f">
         <name>.text</name>
         <load_address>0x278</load_address>
         <run_address>0x278</run_address>
         <size>0x16e0</size>
         <input_file_ref idref="fl-9"/>
      </object_component>
      <object_component id="oc-1d5">
         <name>.text</name>
         <load_address>0x1958</load_address>
         <run_address>0x1958</run_address>
         <size>0xba0</size>
         <input_file_ref idref="fl-7"/>
      </object_component>
      <object_component id="oc-ff">
         <name>.text</name>
         <load_address>0x24f8</load_address>
         <run_address>0x24f8</run_address>
         <size>0x510</size>
         <input_file_ref idref="fl-a"/>
      </object_component>
      <object_component id="oc-f0">
         <name>.text</name>
         <load_address>0x2a08</load_address>
         <run_address>0x2a08</run_address>
         <size>0x298</size>
         <input_file_ref idref="fl-d"/>
      </object_component>
      <object_component id="oc-32">
         <name>.text</name>
         <load_address>0x2ca0</load_address>
         <run_address>0x2ca0</run_address>
         <size>0x210</size>
         <input_file_ref idref="fl-b"/>
      </object_component>
      <object_component id="oc-121">
         <name>.text:GPIOPadConfigSet</name>
         <load_address>0x2eb0</load_address>
         <run_address>0x2eb0</run_address>
         <size>0x16c</size>
         <input_file_ref idref="fl-d4"/>
      </object_component>
      <object_component id="oc-109">
         <name>.text:SysCtlClockSet</name>
         <load_address>0x301c</load_address>
         <run_address>0x301c</run_address>
         <size>0xf4</size>
         <input_file_ref idref="fl-d6"/>
      </object_component>
      <object_component id="oc-2d">
         <name>.text</name>
         <load_address>0x3110</load_address>
         <run_address>0x3110</run_address>
         <size>0xda</size>
         <input_file_ref idref="fl-c"/>
      </object_component>
      <object_component id="oc-86">
         <name>.text</name>
         <load_address>0x31ec</load_address>
         <run_address>0x31ec</run_address>
         <size>0xc8</size>
         <input_file_ref idref="fl-2"/>
      </object_component>
      <object_component id="oc-46">
         <name>.text</name>
         <load_address>0x32b4</load_address>
         <run_address>0x32b4</run_address>
         <size>0x9c</size>
         <input_file_ref idref="fl-c8"/>
      </object_component>
      <object_component id="oc-de">
         <name>.text</name>
         <load_address>0x3350</load_address>
         <run_address>0x3350</run_address>
         <size>0x92</size>
         <input_file_ref idref="fl-6"/>
      </object_component>
      <object_component id="oc-bc">
         <name>.text</name>
         <load_address>0x33e2</load_address>
         <run_address>0x33e2</run_address>
         <size>0x7a</size>
         <input_file_ref idref="fl-c9"/>
      </object_component>
      <object_component id="oc-15">
         <name>.text:decompress:lzss:__TI_decompress_lzss</name>
         <load_address>0x345c</load_address>
         <run_address>0x345c</run_address>
         <size>0x68</size>
         <input_file_ref idref="fl-cc"/>
      </object_component>
      <object_component id="oc-16d">
         <name>.text:__TI_auto_init_nobinit_nopinit:__TI_auto_init_nobinit_nopinit</name>
         <load_address>0x34c4</load_address>
         <run_address>0x34c4</run_address>
         <size>0x44</size>
         <input_file_ref idref="fl-ce"/>
      </object_component>
      <object_component id="oc-115">
         <name>.text:SysCtlPeripheralReady</name>
         <load_address>0x3508</load_address>
         <run_address>0x3508</run_address>
         <size>0x38</size>
         <input_file_ref idref="fl-d6"/>
      </object_component>
      <object_component id="oc-10f">
         <name>.text:SysCtlPeripheralEnable</name>
         <load_address>0x3540</load_address>
         <run_address>0x3540</run_address>
         <size>0x34</size>
         <input_file_ref idref="fl-d6"/>
      </object_component>
      <object_component id="oc-64">
         <name>.text:_c_int00_noargs:_c_int00_noargs</name>
         <load_address>0x3574</load_address>
         <run_address>0x3574</run_address>
         <size>0x34</size>
         <input_file_ref idref="fl-cd"/>
      </object_component>
      <object_component id="oc-1fa">
         <name>.text:GPIODirModeSet</name>
         <load_address>0x35a8</load_address>
         <run_address>0x35a8</run_address>
         <size>0x2c</size>
         <input_file_ref idref="fl-d4"/>
      </object_component>
      <object_component id="oc-11b">
         <name>.text:GPIOPinTypeGPIOOutput</name>
         <load_address>0x35d4</load_address>
         <run_address>0x35d4</run_address>
         <size>0x1a</size>
         <input_file_ref idref="fl-d4"/>
      </object_component>
      <object_component id="oc-1b">
         <name>.text:decompress:none:__TI_decompress_none</name>
         <load_address>0x35ee</load_address>
         <run_address>0x35ee</run_address>
         <size>0xe</size>
         <input_file_ref idref="fl-cb"/>
      </object_component>
      <object_component id="oc-58">
         <name>.text:decompress:ZI:__TI_zero_init</name>
         <load_address>0x35fc</load_address>
         <run_address>0x35fc</run_address>
         <size>0xc</size>
         <input_file_ref idref="fl-ca"/>
      </object_component>
      <object_component id="oc-27">
         <name>.text</name>
         <load_address>0x3608</load_address>
         <run_address>0x3608</run_address>
         <size>0xc</size>
         <input_file_ref idref="fl-3"/>
      </object_component>
      <object_component id="oc-127">
         <name>.text:GPIOPinWrite</name>
         <load_address>0x3614</load_address>
         <run_address>0x3614</run_address>
         <size>0x6</size>
         <input_file_ref idref="fl-d4"/>
      </object_component>
      <object_component id="oc-1f5">
         <name>.text:SysCtlDelay</name>
         <load_address>0x361a</load_address>
         <run_address>0x361a</run_address>
         <size>0x6</size>
         <input_file_ref idref="fl-d6"/>
      </object_component>
      <object_component id="oc-c2">
         <name>.text:_system_pre_init</name>
         <load_address>0x3620</load_address>
         <run_address>0x3620</run_address>
         <size>0x4</size>
         <input_file_ref idref="fl-cf"/>
      </object_component>
      <object_component id="oc-161">
         <name>.text:abort:abort</name>
         <load_address>0x3624</load_address>
         <run_address>0x3624</run_address>
         <size>0x4</size>
         <input_file_ref idref="fl-d1"/>
      </object_component>
      <object_component id="oc-7c">
         <name>.const</name>
         <load_address>0x3628</load_address>
         <run_address>0x3628</run_address>
         <size>0x8</size>
         <input_file_ref idref="fl-b"/>
      </object_component>
      <object_component id="oc-105">
         <name>.const</name>
         <load_address>0x3630</load_address>
         <run_address>0x3630</run_address>
         <size>0x4</size>
         <input_file_ref idref="fl-9"/>
      </object_component>
      <object_component id="oc-2cf">
         <name>.cinit..data.load</name>
         <load_address>0x3638</load_address>
         <run_address>0x3638</run_address>
         <size>0x12</size>
      </object_component>
      <object_component id="oc-2cd">
         <name>__TI_handler_table</name>
         <load_address>0x364c</load_address>
         <run_address>0x364c</run_address>
         <size>0xc</size>
      </object_component>
      <object_component id="oc-2d0">
         <name>.cinit..bss.load</name>
         <load_address>0x3658</load_address>
         <run_address>0x3658</run_address>
         <size>0x8</size>
      </object_component>
      <object_component id="oc-2ce">
         <name>__TI_cinit_table</name>
         <load_address>0x3660</load_address>
         <run_address>0x3660</run_address>
         <size>0x10</size>
      </object_component>
      <object_component id="oc-79">
         <name>.data</name>
         <load_address>0x20002b58</load_address>
         <run_address>0x20002b58</run_address>
         <size>0x34</size>
         <input_file_ref idref="fl-9"/>
      </object_component>
      <object_component id="oc-1db">
         <name>.data</name>
         <load_address>0x20002bac</load_address>
         <run_address>0x20002bac</run_address>
         <size>0xc</size>
         <input_file_ref idref="fl-a"/>
      </object_component>
      <object_component id="oc-8c">
         <name>.data</name>
         <load_address>0x20002ba0</load_address>
         <run_address>0x20002ba0</run_address>
         <size>0xc</size>
         <input_file_ref idref="fl-b"/>
      </object_component>
      <object_component id="oc-1c4">
         <name>.data</name>
         <load_address>0x20002b8c</load_address>
         <run_address>0x20002b8c</run_address>
         <size>0x14</size>
         <input_file_ref idref="fl-d"/>
      </object_component>
      <object_component id="oc-ed">
         <name>.bss:pxReadyTasksLists</name>
         <uninitialized>true</uninitialized>
         <run_address>0x20002800</run_address>
         <size>0x64</size>
         <input_file_ref idref="fl-9"/>
      </object_component>
      <object_component id="oc-f6">
         <name>.bss:xDelayedTaskList1</name>
         <uninitialized>true</uninitialized>
         <run_address>0x200028dc</run_address>
         <size>0x14</size>
         <input_file_ref idref="fl-9"/>
      </object_component>
      <object_component id="oc-f9">
         <name>.bss:xDelayedTaskList2</name>
         <uninitialized>true</uninitialized>
         <run_address>0x200028f0</run_address>
         <size>0x14</size>
         <input_file_ref idref="fl-9"/>
      </object_component>
      <object_component id="oc-ea">
         <name>.bss</name>
         <uninitialized>true</uninitialized>
         <run_address>0x20002940</run_address>
         <size>0x8</size>
         <input_file_ref idref="fl-9"/>
      </object_component>
      <object_component id="oc-e7">
         <name>.bss:xPendingReadyList</name>
         <uninitialized>true</uninitialized>
         <run_address>0x20002904</run_address>
         <size>0x14</size>
         <input_file_ref idref="fl-9"/>
      </object_component>
      <object_component id="oc-fc">
         <name>.bss:xTasksWaitingTermination</name>
         <uninitialized>true</uninitialized>
         <run_address>0x2000292c</run_address>
         <size>0x14</size>
         <input_file_ref idref="fl-9"/>
      </object_component>
      <object_component id="oc-e4">
         <name>.bss:xSuspendedTaskList</name>
         <uninitialized>true</uninitialized>
         <run_address>0x20002918</run_address>
         <size>0x14</size>
         <input_file_ref idref="fl-9"/>
      </object_component>
      <object_component id="oc-1de">
         <name>.bss:xActiveTimerList1</name>
         <uninitialized>true</uninitialized>
         <run_address>0x200028b4</run_address>
         <size>0x14</size>
         <input_file_ref idref="fl-a"/>
      </object_component>
      <object_component id="oc-1e1">
         <name>.bss:xActiveTimerList2</name>
         <uninitialized>true</uninitialized>
         <run_address>0x200028c8</run_address>
         <size>0x14</size>
         <input_file_ref idref="fl-a"/>
      </object_component>
      <object_component id="oc-1e4">
         <name>.bss</name>
         <uninitialized>true</uninitialized>
         <run_address>0x20002948</run_address>
         <size>0x8</size>
         <input_file_ref idref="fl-a"/>
      </object_component>
      <object_component id="oc-1ca">
         <name>.bss:ucHeap</name>
         <uninitialized>true</uninitialized>
         <run_address>0x20000000</run_address>
         <size>0x2800</size>
         <input_file_ref idref="fl-d"/>
      </object_component>
      <object_component id="oc-1c7">
         <name>.bss:xStart</name>
         <uninitialized>true</uninitialized>
         <run_address>0x20002950</run_address>
         <size>0x8</size>
         <input_file_ref idref="fl-d"/>
      </object_component>
      <object_component id="oc-23d">
         <name>.common:xQueueRegistry</name>
         <uninitialized>true</uninitialized>
         <run_address>0x20002864</run_address>
         <size>0x50</size>
      </object_component>
      <object_component id="oc-24">
         <name>.stack</name>
         <uninitialized>true</uninitialized>
         <run_address>0x20002958</run_address>
         <size>0x4</size>
         <input_file_ref idref="fl-cd"/>
      </object_component>
      <object_component id="oc-2d2">
         <name>.stack</name>
         <uninitialized>true</uninitialized>
         <run_address>0x20002958</run_address>
         <size>0x0</size>
      </object_component>
      <object_component id="oc-133">
         <name>.debug_info</name>
         <load_address>0x0</load_address>
         <run_address>0x0</run_address>
         <size>0x58b</size>
         <input_file_ref idref="fl-2"/>
      </object_component>
      <object_component id="oc-88">
         <name>.debug_info</name>
         <load_address>0x58b</load_address>
         <run_address>0x58b</run_address>
         <size>0x370</size>
         <input_file_ref idref="fl-2"/>
      </object_component>
      <object_component id="oc-13d">
         <name>.debug_info</name>
         <load_address>0x8fb</load_address>
         <run_address>0x8fb</run_address>
         <size>0x315</size>
         <input_file_ref idref="fl-2"/>
      </object_component>
      <object_component id="oc-a2">
         <name>.debug_info</name>
         <load_address>0xc10</load_address>
         <run_address>0xc10</run_address>
         <size>0x26b</size>
         <input_file_ref idref="fl-2"/>
      </object_component>
      <object_component id="oc-147">
         <name>.debug_info</name>
         <load_address>0xe7b</load_address>
         <run_address>0xe7b</run_address>
         <size>0x3f8</size>
         <input_file_ref idref="fl-2"/>
      </object_component>
      <object_component id="oc-12e">
         <name>.debug_info</name>
         <load_address>0x1273</load_address>
         <run_address>0x1273</run_address>
         <size>0x8b</size>
         <input_file_ref idref="fl-2"/>
      </object_component>
      <object_component id="oc-91">
         <name>.debug_info</name>
         <load_address>0x12fe</load_address>
         <run_address>0x12fe</run_address>
         <size>0x2c</size>
         <input_file_ref idref="fl-2"/>
      </object_component>
      <object_component id="oc-14c">
         <name>.debug_info</name>
         <load_address>0x132a</load_address>
         <run_address>0x132a</run_address>
         <size>0x2a4</size>
         <input_file_ref idref="fl-2"/>
      </object_component>
      <object_component id="oc-259">
         <name>.debug_info</name>
         <load_address>0x15ce</load_address>
         <run_address>0x15ce</run_address>
         <size>0xef</size>
         <input_file_ref idref="fl-2"/>
      </object_component>
      <object_component id="oc-9b">
         <name>.debug_info</name>
         <load_address>0x16bd</load_address>
         <run_address>0x16bd</run_address>
         <size>0xbb</size>
         <input_file_ref idref="fl-2"/>
      </object_component>
      <object_component id="oc-138">
         <name>.debug_info</name>
         <load_address>0x1778</load_address>
         <run_address>0x1778</run_address>
         <size>0x53</size>
         <input_file_ref idref="fl-2"/>
      </object_component>
      <object_component id="oc-96">
         <name>.debug_info</name>
         <load_address>0x17cb</load_address>
         <run_address>0x17cb</run_address>
         <size>0x53</size>
         <input_file_ref idref="fl-2"/>
      </object_component>
      <object_component id="oc-142">
         <name>.debug_info</name>
         <load_address>0x181e</load_address>
         <run_address>0x181e</run_address>
         <size>0x14c</size>
         <input_file_ref idref="fl-2"/>
      </object_component>
      <object_component id="oc-3a">
         <name>.debug_info</name>
         <load_address>0x196a</load_address>
         <run_address>0x196a</run_address>
         <size>0x318</size>
         <input_file_ref idref="fl-3"/>
      </object_component>
      <object_component id="oc-13">
         <name>.debug_info</name>
         <load_address>0x1c82</load_address>
         <run_address>0x1c82</run_address>
         <size>0xd7</size>
         <input_file_ref idref="fl-3"/>
      </object_component>
      <object_component id="oc-29">
         <name>.debug_info</name>
         <load_address>0x1d59</load_address>
         <run_address>0x1d59</run_address>
         <size>0x253</size>
         <input_file_ref idref="fl-3"/>
      </object_component>
      <object_component id="oc-41">
         <name>.debug_info</name>
         <load_address>0x1fac</load_address>
         <run_address>0x1fac</run_address>
         <size>0x84</size>
         <input_file_ref idref="fl-3"/>
      </object_component>
      <object_component id="oc-226">
         <name>.debug_info</name>
         <load_address>0x2030</load_address>
         <run_address>0x2030</run_address>
         <size>0x6db</size>
         <input_file_ref idref="fl-5"/>
      </object_component>
      <object_component id="oc-1a6">
         <name>.debug_info</name>
         <load_address>0x270b</load_address>
         <run_address>0x270b</run_address>
         <size>0x110</size>
         <input_file_ref idref="fl-5"/>
      </object_component>
      <object_component id="oc-1b5">
         <name>.debug_info</name>
         <load_address>0x281b</load_address>
         <run_address>0x281b</run_address>
         <size>0x3f8</size>
         <input_file_ref idref="fl-5"/>
      </object_component>
      <object_component id="oc-284">
         <name>.debug_info</name>
         <load_address>0x2c13</load_address>
         <run_address>0x2c13</run_address>
         <size>0x62</size>
         <input_file_ref idref="fl-5"/>
      </object_component>
      <object_component id="oc-289">
         <name>.debug_info</name>
         <load_address>0x2c75</load_address>
         <run_address>0x2c75</run_address>
         <size>0x39</size>
         <input_file_ref idref="fl-5"/>
      </object_component>
      <object_component id="oc-238">
         <name>.debug_info</name>
         <load_address>0x2cae</load_address>
         <run_address>0x2cae</run_address>
         <size>0x109</size>
         <input_file_ref idref="fl-5"/>
      </object_component>
      <object_component id="oc-1a1">
         <name>.debug_info</name>
         <load_address>0x2db7</load_address>
         <run_address>0x2db7</run_address>
         <size>0x4f</size>
         <input_file_ref idref="fl-5"/>
      </object_component>
      <object_component id="oc-1bb">
         <name>.debug_info</name>
         <load_address>0x2e06</load_address>
         <run_address>0x2e06</run_address>
         <size>0x377</size>
         <input_file_ref idref="fl-6"/>
      </object_component>
      <object_component id="oc-df">
         <name>.debug_info</name>
         <load_address>0x317d</load_address>
         <run_address>0x317d</run_address>
         <size>0x488</size>
         <input_file_ref idref="fl-6"/>
      </object_component>
      <object_component id="oc-227">
         <name>.debug_info</name>
         <load_address>0x3605</load_address>
         <run_address>0x3605</run_address>
         <size>0x990</size>
         <input_file_ref idref="fl-7"/>
      </object_component>
      <object_component id="oc-1d6">
         <name>.debug_info</name>
         <load_address>0x3f95</load_address>
         <run_address>0x3f95</run_address>
         <size>0x3262</size>
         <input_file_ref idref="fl-7"/>
      </object_component>
      <object_component id="oc-290">
         <name>.debug_info</name>
         <load_address>0x71f7</load_address>
         <run_address>0x71f7</run_address>
         <size>0x217</size>
         <input_file_ref idref="fl-7"/>
      </object_component>
      <object_component id="oc-23f">
         <name>.debug_info</name>
         <load_address>0x740e</load_address>
         <run_address>0x740e</run_address>
         <size>0x46</size>
         <input_file_ref idref="fl-7"/>
      </object_component>
      <object_component id="oc-1ab">
         <name>.debug_info</name>
         <load_address>0x7454</load_address>
         <run_address>0x7454</run_address>
         <size>0x35</size>
         <input_file_ref idref="fl-7"/>
      </object_component>
      <object_component id="oc-158">
         <name>.debug_info</name>
         <load_address>0x7489</load_address>
         <run_address>0x7489</run_address>
         <size>0x2c</size>
         <input_file_ref idref="fl-8"/>
      </object_component>
      <object_component id="oc-d6">
         <name>.debug_info</name>
         <load_address>0x74b5</load_address>
         <run_address>0x74b5</run_address>
         <size>0x855</size>
         <input_file_ref idref="fl-9"/>
      </object_component>
      <object_component id="oc-7a">
         <name>.debug_info</name>
         <load_address>0x7d0a</load_address>
         <run_address>0x7d0a</run_address>
         <size>0x32e</size>
         <input_file_ref idref="fl-9"/>
      </object_component>
      <object_component id="oc-ee">
         <name>.debug_info</name>
         <load_address>0x8038</load_address>
         <run_address>0x8038</run_address>
         <size>0xd7</size>
         <input_file_ref idref="fl-9"/>
      </object_component>
      <object_component id="oc-f7">
         <name>.debug_info</name>
         <load_address>0x810f</load_address>
         <run_address>0x810f</run_address>
         <size>0xd7</size>
         <input_file_ref idref="fl-9"/>
      </object_component>
      <object_component id="oc-fa">
         <name>.debug_info</name>
         <load_address>0x81e6</load_address>
         <run_address>0x81e6</run_address>
         <size>0xd7</size>
         <input_file_ref idref="fl-9"/>
      </object_component>
      <object_component id="oc-eb">
         <name>.debug_info</name>
         <load_address>0x82bd</load_address>
         <run_address>0x82bd</run_address>
         <size>0x11a</size>
         <input_file_ref idref="fl-9"/>
      </object_component>
      <object_component id="oc-e8">
         <name>.debug_info</name>
         <load_address>0x83d7</load_address>
         <run_address>0x83d7</run_address>
         <size>0xd7</size>
         <input_file_ref idref="fl-9"/>
      </object_component>
      <object_component id="oc-fd">
         <name>.debug_info</name>
         <load_address>0x84ae</load_address>
         <run_address>0x84ae</run_address>
         <size>0xe5</size>
         <input_file_ref idref="fl-9"/>
      </object_component>
      <object_component id="oc-e5">
         <name>.debug_info</name>
         <load_address>0x8593</load_address>
         <run_address>0x8593</run_address>
         <size>0xd9</size>
         <input_file_ref idref="fl-9"/>
      </object_component>
      <object_component id="oc-106">
         <name>.debug_info</name>
         <load_address>0x866c</load_address>
         <run_address>0x866c</run_address>
         <size>0xd8</size>
         <input_file_ref idref="fl-9"/>
      </object_component>
      <object_component id="oc-80">
         <name>.debug_info</name>
         <load_address>0x8744</load_address>
         <run_address>0x8744</run_address>
         <size>0x484f</size>
         <input_file_ref idref="fl-9"/>
      </object_component>
      <object_component id="oc-d7">
         <name>.debug_info</name>
         <load_address>0xcf93</load_address>
         <run_address>0xcf93</run_address>
         <size>0x30c</size>
         <input_file_ref idref="fl-9"/>
      </object_component>
      <object_component id="oc-1b0">
         <name>.debug_info</name>
         <load_address>0xd29f</load_address>
         <run_address>0xd29f</run_address>
         <size>0x130</size>
         <input_file_ref idref="fl-9"/>
      </object_component>
      <object_component id="oc-1ed">
         <name>.debug_info</name>
         <load_address>0xd3cf</load_address>
         <run_address>0xd3cf</run_address>
         <size>0x887</size>
         <input_file_ref idref="fl-a"/>
      </object_component>
      <object_component id="oc-1df">
         <name>.debug_info</name>
         <load_address>0xdc56</load_address>
         <run_address>0xdc56</run_address>
         <size>0xd7</size>
         <input_file_ref idref="fl-a"/>
      </object_component>
      <object_component id="oc-1e2">
         <name>.debug_info</name>
         <load_address>0xdd2d</load_address>
         <run_address>0xdd2d</run_address>
         <size>0xd7</size>
         <input_file_ref idref="fl-a"/>
      </object_component>
      <object_component id="oc-1e5">
         <name>.debug_info</name>
         <load_address>0xde04</load_address>
         <run_address>0xde04</run_address>
         <size>0x10f</size>
         <input_file_ref idref="fl-a"/>
      </object_component>
      <object_component id="oc-1dc">
         <name>.debug_info</name>
         <load_address>0xdf13</load_address>
         <run_address>0xdf13</run_address>
         <size>0xfb</size>
         <input_file_ref idref="fl-a"/>
      </object_component>
      <object_component id="oc-101">
         <name>.debug_info</name>
         <load_address>0xe00e</load_address>
         <run_address>0xe00e</run_address>
         <size>0x1d59</size>
         <input_file_ref idref="fl-a"/>
      </object_component>
      <object_component id="oc-1ee">
         <name>.debug_info</name>
         <load_address>0xfd67</load_address>
         <run_address>0xfd67</run_address>
         <size>0x1ba</size>
         <input_file_ref idref="fl-a"/>
      </object_component>
      <object_component id="oc-246">
         <name>.debug_info</name>
         <load_address>0xff21</load_address>
         <run_address>0xff21</run_address>
         <size>0x4f</size>
         <input_file_ref idref="fl-a"/>
      </object_component>
      <object_component id="oc-1e8">
         <name>.debug_info</name>
         <load_address>0xff70</load_address>
         <run_address>0xff70</run_address>
         <size>0x46</size>
         <input_file_ref idref="fl-a"/>
      </object_component>
      <object_component id="oc-90">
         <name>.debug_info</name>
         <load_address>0xffb6</load_address>
         <run_address>0xffb6</run_address>
         <size>0x4cf</size>
         <input_file_ref idref="fl-b"/>
      </object_component>
      <object_component id="oc-7d">
         <name>.debug_info</name>
         <load_address>0x10485</load_address>
         <run_address>0x10485</run_address>
         <size>0x14c</size>
         <input_file_ref idref="fl-b"/>
      </object_component>
      <object_component id="oc-8d">
         <name>.debug_info</name>
         <load_address>0x105d1</load_address>
         <run_address>0x105d1</run_address>
         <size>0x157</size>
         <input_file_ref idref="fl-b"/>
      </object_component>
      <object_component id="oc-33">
         <name>.debug_info</name>
         <load_address>0x10728</load_address>
         <run_address>0x10728</run_address>
         <size>0x8a3</size>
         <input_file_ref idref="fl-b"/>
      </object_component>
      <object_component id="oc-2e">
         <name>.debug_info</name>
         <load_address>0x10fcb</load_address>
         <run_address>0x10fcb</run_address>
         <size>0x239</size>
         <input_file_ref idref="fl-c"/>
      </object_component>
      <object_component id="oc-1ce">
         <name>.debug_info</name>
         <load_address>0x11204</load_address>
         <run_address>0x11204</run_address>
         <size>0x4ea</size>
         <input_file_ref idref="fl-d"/>
      </object_component>
      <object_component id="oc-1cb">
         <name>.debug_info</name>
         <load_address>0x116ee</load_address>
         <run_address>0x116ee</run_address>
         <size>0xd2</size>
         <input_file_ref idref="fl-d"/>
      </object_component>
      <object_component id="oc-1c8">
         <name>.debug_info</name>
         <load_address>0x117c0</load_address>
         <run_address>0x117c0</run_address>
         <size>0xd2</size>
         <input_file_ref idref="fl-d"/>
      </object_component>
      <object_component id="oc-1c5">
         <name>.debug_info</name>
         <load_address>0x11892</load_address>
         <run_address>0x11892</run_address>
         <size>0x1de</size>
         <input_file_ref idref="fl-d"/>
      </object_component>
      <object_component id="oc-f2">
         <name>.debug_info</name>
         <load_address>0x11a70</load_address>
         <run_address>0x11a70</run_address>
         <size>0xa4e</size>
         <input_file_ref idref="fl-d"/>
      </object_component>
      <object_component id="oc-22f">
         <name>.debug_info</name>
         <load_address>0x124be</load_address>
         <run_address>0x124be</run_address>
         <size>0x62</size>
         <input_file_ref idref="fl-d"/>
      </object_component>
      <object_component id="oc-48">
         <name>.debug_info</name>
         <load_address>0x12520</load_address>
         <run_address>0x12520</run_address>
         <size>0x119</size>
         <input_file_ref idref="fl-c8"/>
      </object_component>
      <object_component id="oc-bf">
         <name>.debug_info</name>
         <load_address>0x12639</load_address>
         <run_address>0x12639</run_address>
         <size>0x147</size>
         <input_file_ref idref="fl-c9"/>
      </object_component>
      <object_component id="oc-bb">
         <name>.debug_info</name>
         <load_address>0x12780</load_address>
         <run_address>0x12780</run_address>
         <size>0x2d4</size>
         <input_file_ref idref="fl-ca"/>
      </object_component>
      <object_component id="oc-59">
         <name>.debug_info</name>
         <load_address>0x12a54</load_address>
         <run_address>0x12a54</run_address>
         <size>0x1b5</size>
         <input_file_ref idref="fl-ca"/>
      </object_component>
      <object_component id="oc-b6">
         <name>.debug_info</name>
         <load_address>0x12c09</load_address>
         <run_address>0x12c09</run_address>
         <size>0x46</size>
         <input_file_ref idref="fl-ca"/>
      </object_component>
      <object_component id="oc-51">
         <name>.debug_info</name>
         <load_address>0x12c4f</load_address>
         <run_address>0x12c4f</run_address>
         <size>0x2a8</size>
         <input_file_ref idref="fl-cb"/>
      </object_component>
      <object_component id="oc-1d">
         <name>.debug_info</name>
         <load_address>0x12ef7</load_address>
         <run_address>0x12ef7</run_address>
         <size>0x1ea</size>
         <input_file_ref idref="fl-cb"/>
      </object_component>
      <object_component id="oc-4c">
         <name>.debug_info</name>
         <load_address>0x130e1</load_address>
         <run_address>0x130e1</run_address>
         <size>0x46</size>
         <input_file_ref idref="fl-cb"/>
      </object_component>
      <object_component id="oc-ae">
         <name>.debug_info</name>
         <load_address>0x13127</load_address>
         <run_address>0x13127</run_address>
         <size>0x2c</size>
         <input_file_ref idref="fl-cb"/>
      </object_component>
      <object_component id="oc-ac">
         <name>.debug_info</name>
         <load_address>0x13153</load_address>
         <run_address>0x13153</run_address>
         <size>0x29e</size>
         <input_file_ref idref="fl-cc"/>
      </object_component>
      <object_component id="oc-17">
         <name>.debug_info</name>
         <load_address>0x133f1</load_address>
         <run_address>0x133f1</run_address>
         <size>0x250</size>
         <input_file_ref idref="fl-cc"/>
      </object_component>
      <object_component id="oc-3c">
         <name>.debug_info</name>
         <load_address>0x13641</load_address>
         <run_address>0x13641</run_address>
         <size>0x60</size>
         <input_file_ref idref="fl-cc"/>
      </object_component>
      <object_component id="oc-151">
         <name>.debug_info</name>
         <load_address>0x136a1</load_address>
         <run_address>0x136a1</run_address>
         <size>0x46</size>
         <input_file_ref idref="fl-cc"/>
      </object_component>
      <object_component id="oc-a7">
         <name>.debug_info</name>
         <load_address>0x136e7</load_address>
         <run_address>0x136e7</run_address>
         <size>0x39</size>
         <input_file_ref idref="fl-cc"/>
      </object_component>
      <object_component id="oc-25">
         <name>.debug_info</name>
         <load_address>0x13720</load_address>
         <run_address>0x13720</run_address>
         <size>0x10b</size>
         <input_file_ref idref="fl-cd"/>
      </object_component>
      <object_component id="oc-68">
         <name>.debug_info</name>
         <load_address>0x1382b</load_address>
         <run_address>0x1382b</run_address>
         <size>0x1a9</size>
         <input_file_ref idref="fl-cd"/>
      </object_component>
      <object_component id="oc-211">
         <name>.debug_info</name>
         <load_address>0x139d4</load_address>
         <run_address>0x139d4</run_address>
         <size>0x4b3</size>
         <input_file_ref idref="fl-ce"/>
      </object_component>
      <object_component id="oc-171">
         <name>.debug_info</name>
         <load_address>0x13e87</load_address>
         <run_address>0x13e87</run_address>
         <size>0x1a6</size>
         <input_file_ref idref="fl-ce"/>
      </object_component>
      <object_component id="oc-271">
         <name>.debug_info</name>
         <load_address>0x1402d</load_address>
         <run_address>0x1402d</run_address>
         <size>0x39</size>
         <input_file_ref idref="fl-ce"/>
      </object_component>
      <object_component id="oc-298">
         <name>.debug_info</name>
         <load_address>0x14066</load_address>
         <run_address>0x14066</run_address>
         <size>0x39</size>
         <input_file_ref idref="fl-ce"/>
      </object_component>
      <object_component id="oc-276">
         <name>.debug_info</name>
         <load_address>0x1409f</load_address>
         <run_address>0x1409f</run_address>
         <size>0x39</size>
         <input_file_ref idref="fl-ce"/>
      </object_component>
      <object_component id="oc-27b">
         <name>.debug_info</name>
         <load_address>0x140d8</load_address>
         <run_address>0x140d8</run_address>
         <size>0xcd</size>
         <input_file_ref idref="fl-ce"/>
      </object_component>
      <object_component id="oc-c4">
         <name>.debug_info</name>
         <load_address>0x141a5</load_address>
         <run_address>0x141a5</run_address>
         <size>0x153</size>
         <input_file_ref idref="fl-cf"/>
      </object_component>
      <object_component id="oc-162">
         <name>.debug_info</name>
         <load_address>0x142f8</load_address>
         <run_address>0x142f8</run_address>
         <size>0x122</size>
         <input_file_ref idref="fl-d1"/>
      </object_component>
      <object_component id="oc-201">
         <name>.debug_info</name>
         <load_address>0x1441a</load_address>
         <run_address>0x1441a</run_address>
         <size>0x395</size>
         <input_file_ref idref="fl-d4"/>
      </object_component>
      <object_component id="oc-12b">
         <name>.debug_info</name>
         <load_address>0x147af</load_address>
         <run_address>0x147af</run_address>
         <size>0x20f</size>
         <input_file_ref idref="fl-d4"/>
      </object_component>
      <object_component id="oc-1fe">
         <name>.debug_info</name>
         <load_address>0x149be</load_address>
         <run_address>0x149be</run_address>
         <size>0x21f</size>
         <input_file_ref idref="fl-d4"/>
      </object_component>
      <object_component id="oc-125">
         <name>.debug_info</name>
         <load_address>0x14bdd</load_address>
         <run_address>0x14bdd</run_address>
         <size>0x282</size>
         <input_file_ref idref="fl-d4"/>
      </object_component>
      <object_component id="oc-11f">
         <name>.debug_info</name>
         <load_address>0x14e5f</load_address>
         <run_address>0x14e5f</run_address>
         <size>0x223</size>
         <input_file_ref idref="fl-d4"/>
      </object_component>
      <object_component id="oc-1f7">
         <name>.debug_info</name>
         <load_address>0x15082</load_address>
         <run_address>0x15082</run_address>
         <size>0x3f2</size>
         <input_file_ref idref="fl-d6"/>
      </object_component>
      <object_component id="oc-116">
         <name>.debug_info</name>
         <load_address>0x15474</load_address>
         <run_address>0x15474</run_address>
         <size>0x1eb</size>
         <input_file_ref idref="fl-d6"/>
      </object_component>
      <object_component id="oc-110">
         <name>.debug_info</name>
         <load_address>0x1565f</load_address>
         <run_address>0x1565f</run_address>
         <size>0x1e9</size>
         <input_file_ref idref="fl-d6"/>
      </object_component>
      <object_component id="oc-10a">
         <name>.debug_info</name>
         <load_address>0x15848</load_address>
         <run_address>0x15848</run_address>
         <size>0x247</size>
         <input_file_ref idref="fl-d6"/>
      </object_component>
      <object_component id="oc-255">
         <name>.debug_info</name>
         <load_address>0x15a8f</load_address>
         <run_address>0x15a8f</run_address>
         <size>0x51</size>
         <input_file_ref idref="fl-d6"/>
      </object_component>
      <object_component id="oc-2d3">
         <name>.debug_info</name>
         <load_address>0x15ae0</load_address>
         <run_address>0x15ae0</run_address>
         <size>0x8a</size>
      </object_component>
      <object_component id="oc-205">
         <name>.debug_line</name>
         <load_address>0x0</load_address>
         <run_address>0x0</run_address>
         <size>0xbd</size>
         <input_file_ref idref="fl-2"/>
      </object_component>
      <object_component id="oc-87">
         <name>.debug_line</name>
         <load_address>0xbd</load_address>
         <run_address>0xbd</run_address>
         <size>0xc7</size>
         <input_file_ref idref="fl-2"/>
      </object_component>
      <object_component id="oc-140">
         <name>.debug_line</name>
         <load_address>0x184</load_address>
         <run_address>0x184</run_address>
         <size>0x4f</size>
         <input_file_ref idref="fl-2"/>
      </object_component>
      <object_component id="oc-a5">
         <name>.debug_line</name>
         <load_address>0x1d3</load_address>
         <run_address>0x1d3</run_address>
         <size>0x6f</size>
         <input_file_ref idref="fl-2"/>
      </object_component>
      <object_component id="oc-14a">
         <name>.debug_line</name>
         <load_address>0x242</load_address>
         <run_address>0x242</run_address>
         <size>0x53</size>
         <input_file_ref idref="fl-2"/>
      </object_component>
      <object_component id="oc-131">
         <name>.debug_line</name>
         <load_address>0x295</load_address>
         <run_address>0x295</run_address>
         <size>0x20</size>
         <input_file_ref idref="fl-2"/>
      </object_component>
      <object_component id="oc-94">
         <name>.debug_line</name>
         <load_address>0x2b5</load_address>
         <run_address>0x2b5</run_address>
         <size>0x53</size>
         <input_file_ref idref="fl-2"/>
      </object_component>
      <object_component id="oc-14f">
         <name>.debug_line</name>
         <load_address>0x308</load_address>
         <run_address>0x308</run_address>
         <size>0x73</size>
         <input_file_ref idref="fl-2"/>
      </object_component>
      <object_component id="oc-25c">
         <name>.debug_line</name>
         <load_address>0x37b</load_address>
         <run_address>0x37b</run_address>
         <size>0x6f</size>
         <input_file_ref idref="fl-2"/>
      </object_component>
      <object_component id="oc-9e">
         <name>.debug_line</name>
         <load_address>0x3ea</load_address>
         <run_address>0x3ea</run_address>
         <size>0x70</size>
         <input_file_ref idref="fl-2"/>
      </object_component>
      <object_component id="oc-13b">
         <name>.debug_line</name>
         <load_address>0x45a</load_address>
         <run_address>0x45a</run_address>
         <size>0x6b</size>
         <input_file_ref idref="fl-2"/>
      </object_component>
      <object_component id="oc-99">
         <name>.debug_line</name>
         <load_address>0x4c5</load_address>
         <run_address>0x4c5</run_address>
         <size>0x62</size>
         <input_file_ref idref="fl-2"/>
      </object_component>
      <object_component id="oc-145">
         <name>.debug_line</name>
         <load_address>0x527</load_address>
         <run_address>0x527</run_address>
         <size>0x4f</size>
         <input_file_ref idref="fl-2"/>
      </object_component>
      <object_component id="oc-a1">
         <name>.debug_line</name>
         <load_address>0x576</load_address>
         <run_address>0x576</run_address>
         <size>0x41</size>
         <input_file_ref idref="fl-3"/>
      </object_component>
      <object_component id="oc-39">
         <name>.debug_line</name>
         <load_address>0x5b7</load_address>
         <run_address>0x5b7</run_address>
         <size>0x41</size>
         <input_file_ref idref="fl-3"/>
      </object_component>
      <object_component id="oc-2c">
         <name>.debug_line</name>
         <load_address>0x5f8</load_address>
         <run_address>0x5f8</run_address>
         <size>0x9b</size>
         <input_file_ref idref="fl-3"/>
      </object_component>
      <object_component id="oc-44">
         <name>.debug_line</name>
         <load_address>0x693</load_address>
         <run_address>0x693</run_address>
         <size>0x20</size>
         <input_file_ref idref="fl-3"/>
      </object_component>
      <object_component id="oc-283">
         <name>.debug_line</name>
         <load_address>0x6b3</load_address>
         <run_address>0x6b3</run_address>
         <size>0x11b</size>
         <input_file_ref idref="fl-5"/>
      </object_component>
      <object_component id="oc-1a9">
         <name>.debug_line</name>
         <load_address>0x7ce</load_address>
         <run_address>0x7ce</run_address>
         <size>0x6b</size>
         <input_file_ref idref="fl-5"/>
      </object_component>
      <object_component id="oc-1b8">
         <name>.debug_line</name>
         <load_address>0x839</load_address>
         <run_address>0x839</run_address>
         <size>0x53</size>
         <input_file_ref idref="fl-5"/>
      </object_component>
      <object_component id="oc-287">
         <name>.debug_line</name>
         <load_address>0x88c</load_address>
         <run_address>0x88c</run_address>
         <size>0x3e</size>
         <input_file_ref idref="fl-5"/>
      </object_component>
      <object_component id="oc-28c">
         <name>.debug_line</name>
         <load_address>0x8ca</load_address>
         <run_address>0x8ca</run_address>
         <size>0x57</size>
         <input_file_ref idref="fl-5"/>
      </object_component>
      <object_component id="oc-23b">
         <name>.debug_line</name>
         <load_address>0x921</load_address>
         <run_address>0x921</run_address>
         <size>0x53</size>
         <input_file_ref idref="fl-5"/>
      </object_component>
      <object_component id="oc-1a4">
         <name>.debug_line</name>
         <load_address>0x974</load_address>
         <run_address>0x974</run_address>
         <size>0x51</size>
         <input_file_ref idref="fl-5"/>
      </object_component>
      <object_component id="oc-22a">
         <name>.debug_line</name>
         <load_address>0x9c5</load_address>
         <run_address>0x9c5</run_address>
         <size>0x20</size>
         <input_file_ref idref="fl-6"/>
      </object_component>
      <object_component id="oc-e2">
         <name>.debug_line</name>
         <load_address>0x9e5</load_address>
         <run_address>0x9e5</run_address>
         <size>0xe5</size>
         <input_file_ref idref="fl-6"/>
      </object_component>
      <object_component id="oc-28f">
         <name>.debug_line</name>
         <load_address>0xaca</load_address>
         <run_address>0xaca</run_address>
         <size>0x132</size>
         <input_file_ref idref="fl-7"/>
      </object_component>
      <object_component id="oc-1da">
         <name>.debug_line</name>
         <load_address>0xbfc</load_address>
         <run_address>0xbfc</run_address>
         <size>0x9b5</size>
         <input_file_ref idref="fl-7"/>
      </object_component>
      <object_component id="oc-293">
         <name>.debug_line</name>
         <load_address>0x15b1</load_address>
         <run_address>0x15b1</run_address>
         <size>0x37</size>
         <input_file_ref idref="fl-7"/>
      </object_component>
      <object_component id="oc-242">
         <name>.debug_line</name>
         <load_address>0x15e8</load_address>
         <run_address>0x15e8</run_address>
         <size>0x50</size>
         <input_file_ref idref="fl-7"/>
      </object_component>
      <object_component id="oc-1ae">
         <name>.debug_line</name>
         <load_address>0x1638</load_address>
         <run_address>0x1638</run_address>
         <size>0x74</size>
         <input_file_ref idref="fl-7"/>
      </object_component>
      <object_component id="oc-15b">
         <name>.debug_line</name>
         <load_address>0x16ac</load_address>
         <run_address>0x16ac</run_address>
         <size>0x6b</size>
         <input_file_ref idref="fl-8"/>
      </object_component>
      <object_component id="oc-1a0">
         <name>.debug_line</name>
         <load_address>0x1717</load_address>
         <run_address>0x1717</run_address>
         <size>0x168</size>
         <input_file_ref idref="fl-9"/>
      </object_component>
      <object_component id="oc-d5">
         <name>.debug_line</name>
         <load_address>0x187f</load_address>
         <run_address>0x187f</run_address>
         <size>0x37</size>
         <input_file_ref idref="fl-9"/>
      </object_component>
      <object_component id="oc-1c3">
         <name>.debug_line</name>
         <load_address>0x18b6</load_address>
         <run_address>0x18b6</run_address>
         <size>0x37</size>
         <input_file_ref idref="fl-9"/>
      </object_component>
      <object_component id="oc-1d0">
         <name>.debug_line</name>
         <load_address>0x18ed</load_address>
         <run_address>0x18ed</run_address>
         <size>0x37</size>
         <input_file_ref idref="fl-9"/>
      </object_component>
      <object_component id="oc-1d2">
         <name>.debug_line</name>
         <load_address>0x1924</load_address>
         <run_address>0x1924</run_address>
         <size>0x37</size>
         <input_file_ref idref="fl-9"/>
      </object_component>
      <object_component id="oc-1c1">
         <name>.debug_line</name>
         <load_address>0x195b</load_address>
         <run_address>0x195b</run_address>
         <size>0x37</size>
         <input_file_ref idref="fl-9"/>
      </object_component>
      <object_component id="oc-1bf">
         <name>.debug_line</name>
         <load_address>0x1992</load_address>
         <run_address>0x1992</run_address>
         <size>0x37</size>
         <input_file_ref idref="fl-9"/>
      </object_component>
      <object_component id="oc-1d4">
         <name>.debug_line</name>
         <load_address>0x19c9</load_address>
         <run_address>0x19c9</run_address>
         <size>0x37</size>
         <input_file_ref idref="fl-9"/>
      </object_component>
      <object_component id="oc-1bd">
         <name>.debug_line</name>
         <load_address>0x1a00</load_address>
         <run_address>0x1a00</run_address>
         <size>0x37</size>
         <input_file_ref idref="fl-9"/>
      </object_component>
      <object_component id="oc-1f4">
         <name>.debug_line</name>
         <load_address>0x1a37</load_address>
         <run_address>0x1a37</run_address>
         <size>0x37</size>
         <input_file_ref idref="fl-9"/>
      </object_component>
      <object_component id="oc-84">
         <name>.debug_line</name>
         <load_address>0x1a6e</load_address>
         <run_address>0x1a6e</run_address>
         <size>0xdb9</size>
         <input_file_ref idref="fl-9"/>
      </object_component>
      <object_component id="oc-da">
         <name>.debug_line</name>
         <load_address>0x2827</load_address>
         <run_address>0x2827</run_address>
         <size>0x4f</size>
         <input_file_ref idref="fl-9"/>
      </object_component>
      <object_component id="oc-1b3">
         <name>.debug_line</name>
         <load_address>0x2876</load_address>
         <run_address>0x2876</run_address>
         <size>0x37</size>
         <input_file_ref idref="fl-9"/>
      </object_component>
      <object_component id="oc-252">
         <name>.debug_line</name>
         <load_address>0x28ad</load_address>
         <run_address>0x28ad</run_address>
         <size>0x14b</size>
         <input_file_ref idref="fl-a"/>
      </object_component>
      <object_component id="oc-24c">
         <name>.debug_line</name>
         <load_address>0x29f8</load_address>
         <run_address>0x29f8</run_address>
         <size>0x38</size>
         <input_file_ref idref="fl-a"/>
      </object_component>
      <object_component id="oc-24e">
         <name>.debug_line</name>
         <load_address>0x2a30</load_address>
         <run_address>0x2a30</run_address>
         <size>0x38</size>
         <input_file_ref idref="fl-a"/>
      </object_component>
      <object_component id="oc-250">
         <name>.debug_line</name>
         <load_address>0x2a68</load_address>
         <run_address>0x2a68</run_address>
         <size>0x38</size>
         <input_file_ref idref="fl-a"/>
      </object_component>
      <object_component id="oc-245">
         <name>.debug_line</name>
         <load_address>0x2aa0</load_address>
         <run_address>0x2aa0</run_address>
         <size>0x38</size>
         <input_file_ref idref="fl-a"/>
      </object_component>
      <object_component id="oc-104">
         <name>.debug_line</name>
         <load_address>0x2ad8</load_address>
         <run_address>0x2ad8</run_address>
         <size>0x472</size>
         <input_file_ref idref="fl-a"/>
      </object_component>
      <object_component id="oc-1f1">
         <name>.debug_line</name>
         <load_address>0x2f4a</load_address>
         <run_address>0x2f4a</run_address>
         <size>0x38</size>
         <input_file_ref idref="fl-a"/>
      </object_component>
      <object_component id="oc-249">
         <name>.debug_line</name>
         <load_address>0x2f82</load_address>
         <run_address>0x2f82</run_address>
         <size>0x50</size>
         <input_file_ref idref="fl-a"/>
      </object_component>
      <object_component id="oc-1eb">
         <name>.debug_line</name>
         <load_address>0x2fd2</load_address>
         <run_address>0x2fd2</run_address>
         <size>0x51</size>
         <input_file_ref idref="fl-a"/>
      </object_component>
      <object_component id="oc-137">
         <name>.debug_line</name>
         <load_address>0x3023</load_address>
         <run_address>0x3023</run_address>
         <size>0xa3</size>
         <input_file_ref idref="fl-b"/>
      </object_component>
      <object_component id="oc-dd">
         <name>.debug_line</name>
         <load_address>0x30c6</load_address>
         <run_address>0x30c6</run_address>
         <size>0x4c</size>
         <input_file_ref idref="fl-b"/>
      </object_component>
      <object_component id="oc-135">
         <name>.debug_line</name>
         <load_address>0x3112</load_address>
         <run_address>0x3112</run_address>
         <size>0x4c</size>
         <input_file_ref idref="fl-b"/>
      </object_component>
      <object_component id="oc-36">
         <name>.debug_line</name>
         <load_address>0x315e</load_address>
         <run_address>0x315e</run_address>
         <size>0x1ad</size>
         <input_file_ref idref="fl-b"/>
      </object_component>
      <object_component id="oc-31">
         <name>.debug_line</name>
         <load_address>0x330b</load_address>
         <run_address>0x330b</run_address>
         <size>0xe1</size>
         <input_file_ref idref="fl-c"/>
      </object_component>
      <object_component id="oc-237">
         <name>.debug_line</name>
         <load_address>0x33ec</load_address>
         <run_address>0x33ec</run_address>
         <size>0x104</size>
         <input_file_ref idref="fl-d"/>
      </object_component>
      <object_component id="oc-235">
         <name>.debug_line</name>
         <load_address>0x34f0</load_address>
         <run_address>0x34f0</run_address>
         <size>0x49</size>
         <input_file_ref idref="fl-d"/>
      </object_component>
      <object_component id="oc-22e">
         <name>.debug_line</name>
         <load_address>0x3539</load_address>
         <run_address>0x3539</run_address>
         <size>0x49</size>
         <input_file_ref idref="fl-d"/>
      </object_component>
      <object_component id="oc-22c">
         <name>.debug_line</name>
         <load_address>0x3582</load_address>
         <run_address>0x3582</run_address>
         <size>0x49</size>
         <input_file_ref idref="fl-d"/>
      </object_component>
      <object_component id="oc-f5">
         <name>.debug_line</name>
         <load_address>0x35cb</load_address>
         <run_address>0x35cb</run_address>
         <size>0x290</size>
         <input_file_ref idref="fl-d"/>
      </object_component>
      <object_component id="oc-232">
         <name>.debug_line</name>
         <load_address>0x385b</load_address>
         <run_address>0x385b</run_address>
         <size>0x49</size>
         <input_file_ref idref="fl-d"/>
      </object_component>
      <object_component id="oc-4a">
         <name>.debug_line</name>
         <load_address>0x38a4</load_address>
         <run_address>0x38a4</run_address>
         <size>0x88</size>
         <input_file_ref idref="fl-c8"/>
      </object_component>
      <object_component id="oc-be">
         <name>.debug_line</name>
         <load_address>0x392c</load_address>
         <run_address>0x392c</run_address>
         <size>0x79</size>
         <input_file_ref idref="fl-c9"/>
      </object_component>
      <object_component id="oc-15e">
         <name>.debug_line</name>
         <load_address>0x39a5</load_address>
         <run_address>0x39a5</run_address>
         <size>0x92</size>
         <input_file_ref idref="fl-ca"/>
      </object_component>
      <object_component id="oc-5c">
         <name>.debug_line</name>
         <load_address>0x3a37</load_address>
         <run_address>0x3a37</run_address>
         <size>0x53</size>
         <input_file_ref idref="fl-ca"/>
      </object_component>
      <object_component id="oc-b9">
         <name>.debug_line</name>
         <load_address>0x3a8a</load_address>
         <run_address>0x3a8a</run_address>
         <size>0x34</size>
         <input_file_ref idref="fl-ca"/>
      </object_component>
      <object_component id="oc-b4">
         <name>.debug_line</name>
         <load_address>0x3abe</load_address>
         <run_address>0x3abe</run_address>
         <size>0x20</size>
         <input_file_ref idref="fl-cb"/>
      </object_component>
      <object_component id="oc-1c">
         <name>.debug_line</name>
         <load_address>0x3ade</load_address>
         <run_address>0x3ade</run_address>
         <size>0x55</size>
         <input_file_ref idref="fl-cb"/>
      </object_component>
      <object_component id="oc-4f">
         <name>.debug_line</name>
         <load_address>0x3b33</load_address>
         <run_address>0x3b33</run_address>
         <size>0x3a</size>
         <input_file_ref idref="fl-cb"/>
      </object_component>
      <object_component id="oc-b1">
         <name>.debug_line</name>
         <load_address>0x3b6d</load_address>
         <run_address>0x3b6d</run_address>
         <size>0x92</size>
         <input_file_ref idref="fl-cb"/>
      </object_component>
      <object_component id="oc-157">
         <name>.debug_line</name>
         <load_address>0x3bff</load_address>
         <run_address>0x3bff</run_address>
         <size>0x20</size>
         <input_file_ref idref="fl-cc"/>
      </object_component>
      <object_component id="oc-1a">
         <name>.debug_line</name>
         <load_address>0x3c1f</load_address>
         <run_address>0x3c1f</run_address>
         <size>0xa9</size>
         <input_file_ref idref="fl-cc"/>
      </object_component>
      <object_component id="oc-3f">
         <name>.debug_line</name>
         <load_address>0x3cc8</load_address>
         <run_address>0x3cc8</run_address>
         <size>0x3a</size>
         <input_file_ref idref="fl-cc"/>
      </object_component>
      <object_component id="oc-154">
         <name>.debug_line</name>
         <load_address>0x3d02</load_address>
         <run_address>0x3d02</run_address>
         <size>0x9a</size>
         <input_file_ref idref="fl-cc"/>
      </object_component>
      <object_component id="oc-aa">
         <name>.debug_line</name>
         <load_address>0x3d9c</load_address>
         <run_address>0x3d9c</run_address>
         <size>0x96</size>
         <input_file_ref idref="fl-cc"/>
      </object_component>
      <object_component id="oc-77">
         <name>.debug_line</name>
         <load_address>0x3e32</load_address>
         <run_address>0x3e32</run_address>
         <size>0x33</size>
         <input_file_ref idref="fl-cd"/>
      </object_component>
      <object_component id="oc-67">
         <name>.debug_line</name>
         <load_address>0x3e65</load_address>
         <run_address>0x3e65</run_address>
         <size>0x45</size>
         <input_file_ref idref="fl-cd"/>
      </object_component>
      <object_component id="oc-270">
         <name>.debug_line</name>
         <load_address>0x3eaa</load_address>
         <run_address>0x3eaa</run_address>
         <size>0xbf</size>
         <input_file_ref idref="fl-ce"/>
      </object_component>
      <object_component id="oc-16e">
         <name>.debug_line</name>
         <load_address>0x3f69</load_address>
         <run_address>0x3f69</run_address>
         <size>0x6f</size>
         <input_file_ref idref="fl-ce"/>
      </object_component>
      <object_component id="oc-274">
         <name>.debug_line</name>
         <load_address>0x3fd8</load_address>
         <run_address>0x3fd8</run_address>
         <size>0x2e</size>
         <input_file_ref idref="fl-ce"/>
      </object_component>
      <object_component id="oc-29b">
         <name>.debug_line</name>
         <load_address>0x4006</load_address>
         <run_address>0x4006</run_address>
         <size>0x9a</size>
         <input_file_ref idref="fl-ce"/>
      </object_component>
      <object_component id="oc-279">
         <name>.debug_line</name>
         <load_address>0x40a0</load_address>
         <run_address>0x40a0</run_address>
         <size>0x97</size>
         <input_file_ref idref="fl-ce"/>
      </object_component>
      <object_component id="oc-27e">
         <name>.debug_line</name>
         <load_address>0x4137</load_address>
         <run_address>0x4137</run_address>
         <size>0x93</size>
         <input_file_ref idref="fl-ce"/>
      </object_component>
      <object_component id="oc-c7">
         <name>.debug_line</name>
         <load_address>0x41ca</load_address>
         <run_address>0x41ca</run_address>
         <size>0x40</size>
         <input_file_ref idref="fl-cf"/>
      </object_component>
      <object_component id="oc-165">
         <name>.debug_line</name>
         <load_address>0x420a</load_address>
         <run_address>0x420a</run_address>
         <size>0x3c</size>
         <input_file_ref idref="fl-d1"/>
      </object_component>
      <object_component id="oc-260">
         <name>.debug_line</name>
         <load_address>0x4246</load_address>
         <run_address>0x4246</run_address>
         <size>0x5b</size>
         <input_file_ref idref="fl-d4"/>
      </object_component>
      <object_component id="oc-12a">
         <name>.debug_line</name>
         <load_address>0x42a1</load_address>
         <run_address>0x42a1</run_address>
         <size>0x6b</size>
         <input_file_ref idref="fl-d4"/>
      </object_component>
      <object_component id="oc-1fd">
         <name>.debug_line</name>
         <load_address>0x430c</load_address>
         <run_address>0x430c</run_address>
         <size>0x6e</size>
         <input_file_ref idref="fl-d4"/>
      </object_component>
      <object_component id="oc-124">
         <name>.debug_line</name>
         <load_address>0x437a</load_address>
         <run_address>0x437a</run_address>
         <size>0x9d</size>
         <input_file_ref idref="fl-d4"/>
      </object_component>
      <object_component id="oc-11e">
         <name>.debug_line</name>
         <load_address>0x4417</load_address>
         <run_address>0x4417</run_address>
         <size>0x72</size>
         <input_file_ref idref="fl-d4"/>
      </object_component>
      <object_component id="oc-254">
         <name>.debug_line</name>
         <load_address>0x4489</load_address>
         <run_address>0x4489</run_address>
         <size>0xc8</size>
         <input_file_ref idref="fl-d6"/>
      </object_component>
      <object_component id="oc-119">
         <name>.debug_line</name>
         <load_address>0x4551</load_address>
         <run_address>0x4551</run_address>
         <size>0x6d</size>
         <input_file_ref idref="fl-d6"/>
      </object_component>
      <object_component id="oc-113">
         <name>.debug_line</name>
         <load_address>0x45be</load_address>
         <run_address>0x45be</run_address>
         <size>0x6d</size>
         <input_file_ref idref="fl-d6"/>
      </object_component>
      <object_component id="oc-10d">
         <name>.debug_line</name>
         <load_address>0x462b</load_address>
         <run_address>0x462b</run_address>
         <size>0xc7</size>
         <input_file_ref idref="fl-d6"/>
      </object_component>
      <object_component id="oc-257">
         <name>.debug_line</name>
         <load_address>0x46f2</load_address>
         <run_address>0x46f2</run_address>
         <size>0x58</size>
         <input_file_ref idref="fl-d6"/>
      </object_component>
      <object_component id="oc-8b">
         <name>.debug_frame</name>
         <load_address>0x0</load_address>
         <run_address>0x0</run_address>
         <size>0xa8</size>
         <input_file_ref idref="fl-2"/>
      </object_component>
      <object_component id="oc-2b">
         <name>.debug_frame</name>
         <load_address>0xa8</load_address>
         <run_address>0xa8</run_address>
         <size>0x90</size>
         <input_file_ref idref="fl-3"/>
      </object_component>
      <object_component id="oc-e3">
         <name>.debug_frame</name>
         <load_address>0x138</load_address>
         <run_address>0x138</run_address>
         <size>0xac</size>
         <input_file_ref idref="fl-6"/>
      </object_component>
      <object_component id="oc-1d9">
         <name>.debug_frame</name>
         <load_address>0x1e4</load_address>
         <run_address>0x1e4</run_address>
         <size>0x3d8</size>
         <input_file_ref idref="fl-7"/>
      </object_component>
      <object_component id="oc-83">
         <name>.debug_frame</name>
         <load_address>0x5bc</load_address>
         <run_address>0x5bc</run_address>
         <size>0x6a8</size>
         <input_file_ref idref="fl-9"/>
      </object_component>
      <object_component id="oc-100">
         <name>.debug_frame</name>
         <load_address>0xc64</load_address>
         <run_address>0xc64</run_address>
         <size>0x2dc</size>
         <input_file_ref idref="fl-a"/>
      </object_component>
      <object_component id="oc-37">
         <name>.debug_frame</name>
         <load_address>0xf40</load_address>
         <run_address>0xf40</run_address>
         <size>0x114</size>
         <input_file_ref idref="fl-b"/>
      </object_component>
      <object_component id="oc-f1">
         <name>.debug_frame</name>
         <load_address>0x1054</load_address>
         <run_address>0x1054</run_address>
         <size>0x128</size>
         <input_file_ref idref="fl-d"/>
      </object_component>
      <object_component id="oc-5d">
         <name>.debug_frame</name>
         <load_address>0x117c</load_address>
         <run_address>0x117c</run_address>
         <size>0x54</size>
         <input_file_ref idref="fl-ca"/>
      </object_component>
      <object_component id="oc-20">
         <name>.debug_frame</name>
         <load_address>0x11d0</load_address>
         <run_address>0x11d0</run_address>
         <size>0x54</size>
         <input_file_ref idref="fl-cb"/>
      </object_component>
      <object_component id="oc-19">
         <name>.debug_frame</name>
         <load_address>0x1224</load_address>
         <run_address>0x1224</run_address>
         <size>0x60</size>
         <input_file_ref idref="fl-cc"/>
      </object_component>
      <object_component id="oc-66">
         <name>.debug_frame</name>
         <load_address>0x1284</load_address>
         <run_address>0x1284</run_address>
         <size>0x50</size>
         <input_file_ref idref="fl-cd"/>
      </object_component>
      <object_component id="oc-16f">
         <name>.debug_frame</name>
         <load_address>0x12d4</load_address>
         <run_address>0x12d4</run_address>
         <size>0x5c</size>
         <input_file_ref idref="fl-ce"/>
      </object_component>
      <object_component id="oc-c6">
         <name>.debug_frame</name>
         <load_address>0x1330</load_address>
         <run_address>0x1330</run_address>
         <size>0x54</size>
         <input_file_ref idref="fl-cf"/>
      </object_component>
      <object_component id="oc-166">
         <name>.debug_frame</name>
         <load_address>0x1384</load_address>
         <run_address>0x1384</run_address>
         <size>0x54</size>
         <input_file_ref idref="fl-d1"/>
      </object_component>
      <object_component id="oc-129">
         <name>.debug_frame</name>
         <load_address>0x13d8</load_address>
         <run_address>0x13d8</run_address>
         <size>0x54</size>
         <input_file_ref idref="fl-d4"/>
      </object_component>
      <object_component id="oc-1fc">
         <name>.debug_frame</name>
         <load_address>0x142c</load_address>
         <run_address>0x142c</run_address>
         <size>0x54</size>
         <input_file_ref idref="fl-d4"/>
      </object_component>
      <object_component id="oc-123">
         <name>.debug_frame</name>
         <load_address>0x1480</load_address>
         <run_address>0x1480</run_address>
         <size>0x68</size>
         <input_file_ref idref="fl-d4"/>
      </object_component>
      <object_component id="oc-11d">
         <name>.debug_frame</name>
         <load_address>0x14e8</load_address>
         <run_address>0x14e8</run_address>
         <size>0x5c</size>
         <input_file_ref idref="fl-d4"/>
      </object_component>
      <object_component id="oc-11a">
         <name>.debug_frame</name>
         <load_address>0x1544</load_address>
         <run_address>0x1544</run_address>
         <size>0x54</size>
         <input_file_ref idref="fl-d6"/>
      </object_component>
      <object_component id="oc-114">
         <name>.debug_frame</name>
         <load_address>0x1598</load_address>
         <run_address>0x1598</run_address>
         <size>0x54</size>
         <input_file_ref idref="fl-d6"/>
      </object_component>
      <object_component id="oc-10e">
         <name>.debug_frame</name>
         <load_address>0x15ec</load_address>
         <run_address>0x15ec</run_address>
         <size>0x68</size>
         <input_file_ref idref="fl-d6"/>
      </object_component>
      <object_component id="oc-204">
         <name>.debug_abbrev</name>
         <load_address>0x0</load_address>
         <run_address>0x0</run_address>
         <size>0xe0</size>
         <input_file_ref idref="fl-2"/>
      </object_component>
      <object_component id="oc-12d">
         <name>.debug_abbrev</name>
         <load_address>0xe0</load_address>
         <run_address>0xe0</run_address>
         <size>0xc8</size>
         <input_file_ref idref="fl-2"/>
      </object_component>
      <object_component id="oc-13f">
         <name>.debug_abbrev</name>
         <load_address>0x1a8</load_address>
         <run_address>0x1a8</run_address>
         <size>0x9f</size>
         <input_file_ref idref="fl-2"/>
      </object_component>
      <object_component id="oc-a4">
         <name>.debug_abbrev</name>
         <load_address>0x247</load_address>
         <run_address>0x247</run_address>
         <size>0x69</size>
         <input_file_ref idref="fl-2"/>
      </object_component>
      <object_component id="oc-149">
         <name>.debug_abbrev</name>
         <load_address>0x2b0</load_address>
         <run_address>0x2b0</run_address>
         <size>0x70</size>
         <input_file_ref idref="fl-2"/>
      </object_component>
      <object_component id="oc-130">
         <name>.debug_abbrev</name>
         <load_address>0x320</load_address>
         <run_address>0x320</run_address>
         <size>0x1f</size>
         <input_file_ref idref="fl-2"/>
      </object_component>
      <object_component id="oc-93">
         <name>.debug_abbrev</name>
         <load_address>0x33f</load_address>
         <run_address>0x33f</run_address>
         <size>0x24</size>
         <input_file_ref idref="fl-2"/>
      </object_component>
      <object_component id="oc-14e">
         <name>.debug_abbrev</name>
         <load_address>0x363</load_address>
         <run_address>0x363</run_address>
         <size>0x5c</size>
         <input_file_ref idref="fl-2"/>
      </object_component>
      <object_component id="oc-25b">
         <name>.debug_abbrev</name>
         <load_address>0x3bf</load_address>
         <run_address>0x3bf</run_address>
         <size>0x24</size>
         <input_file_ref idref="fl-2"/>
      </object_component>
      <object_component id="oc-9d">
         <name>.debug_abbrev</name>
         <load_address>0x3e3</load_address>
         <run_address>0x3e3</run_address>
         <size>0x24</size>
         <input_file_ref idref="fl-2"/>
      </object_component>
      <object_component id="oc-13a">
         <name>.debug_abbrev</name>
         <load_address>0x407</load_address>
         <run_address>0x407</run_address>
         <size>0x24</size>
         <input_file_ref idref="fl-2"/>
      </object_component>
      <object_component id="oc-98">
         <name>.debug_abbrev</name>
         <load_address>0x42b</load_address>
         <run_address>0x42b</run_address>
         <size>0x24</size>
         <input_file_ref idref="fl-2"/>
      </object_component>
      <object_component id="oc-144">
         <name>.debug_abbrev</name>
         <load_address>0x44f</load_address>
         <run_address>0x44f</run_address>
         <size>0x61</size>
         <input_file_ref idref="fl-2"/>
      </object_component>
      <object_component id="oc-a0">
         <name>.debug_abbrev</name>
         <load_address>0x4b0</load_address>
         <run_address>0x4b0</run_address>
         <size>0x7c</size>
         <input_file_ref idref="fl-3"/>
      </object_component>
      <object_component id="oc-38">
         <name>.debug_abbrev</name>
         <load_address>0x52c</load_address>
         <run_address>0x52c</run_address>
         <size>0x29</size>
         <input_file_ref idref="fl-3"/>
      </object_component>
      <object_component id="oc-78">
         <name>.debug_abbrev</name>
         <load_address>0x555</load_address>
         <run_address>0x555</run_address>
         <size>0x79</size>
         <input_file_ref idref="fl-3"/>
      </object_component>
      <object_component id="oc-43">
         <name>.debug_abbrev</name>
         <load_address>0x5ce</load_address>
         <run_address>0x5ce</run_address>
         <size>0x1f</size>
[...]
         <object_component_ref idref="oc-1d5"/>
      </symbol>
      <symbol id="sm-1b9">
         <name>xQueueSemaphoreTake</name>
         <value>0x19e7</value>
         <object_component_ref idref="oc-1d5"/>
      </symbol>
      <symbol id="sm-1ba">
         <name>vQueueUnregisterQueue</name>
         <value>0x23d9</value>
         <object_component_ref idref="oc-1d5"/>
      </symbol>
      <symbol id="sm-1bb">
         <name>xQueueGiveFromISR</name>
         <value>0x1ef9</value>
         <object_component_ref idref="oc-1d5"/>
      </symbol>
      <symbol id="sm-1bc">
         <name>uxQueueMessagesWaitingFromISR</name>
         <value>0x2493</value>
         <object_component_ref idref="oc-1d5"/>
      </symbol>
      <symbol id="sm-1bd">
         <name>xQueueCreateCountingSemaphore</name>
         <value>0x2367</value>
         <object_component_ref idref="oc-1d5"/>
      </symbol>
      <symbol id="sm-1be">
         <name>vQueueWaitForMessageRestricted</name>
         <value>0x2391</value>
         <object_component_ref idref="oc-1d5"/>
      </symbol>
      <symbol id="sm-1bf">
         <name>vQueueDelete</name>
         <value>0x2409</value>
         <object_component_ref idref="oc-1d5"/>
      </symbol>
      <symbol id="sm-1c0">
         <name>xQueuePeek</name>
         <value>0x1d9f</value>
         <object_component_ref idref="oc-1d5"/>
      </symbol>
      <symbol id="sm-1c1">
         <name>xQueueReceive</name>
         <value>0x1bf9</value>
         <object_component_ref idref="oc-1d5"/>
      </symbol>
      <symbol id="sm-1c2">
         <name>pcQueueGetName</name>
         <value>0x24c5</value>
         <object_component_ref idref="oc-1d5"/>
      </symbol>
      <symbol id="sm-39a">
         <name>vTaskDelay</name>
         <value>0x1745</value>
         <object_component_ref idref="oc-7f"/>
      </symbol>
      <symbol id="sm-39b">
         <name>vTaskSuspendAll</name>
         <value>0xc81</value>
         <object_component_ref idref="oc-7f"/>
      </symbol>
      <symbol id="sm-39c">
         <name>vTaskPlaceOnEventList</name>
         <value>0x1545</value>
         <object_component_ref idref="oc-7f"/>
      </symbol>
      <symbol id="sm-39d">
         <name>pvTaskGetThreadLocalStoragePointer</name>
         <value>0x1897</value>
         <object_component_ref idref="oc-7f"/>
      </symbol>
      <symbol id="sm-39e">
         <name>uxTaskPriorityGetFromISR</name>
         <value>0x1793</value>
         <object_component_ref idref="oc-7f"/>
      </symbol>
      <symbol id="sm-39f">
         <name>pcTaskGetName</name>
         <value>0x1911</value>
         <object_component_ref idref="oc-7f"/>
      </symbol>
      <symbol id="sm-3a0">
         <name>xTaskCheckForTimeOut</name>
         <value>0xf0d</value>
         <object_component_ref idref="oc-7f"/>
      </symbol>
      <symbol id="sm-3a1">
         <name>vTaskGenericNotifyGiveFromISR</name>
         <value>0x1579</value>
         <object_component_ref idref="oc-7f"/>
      </symbol>
      <symbol id="sm-3a2">
         <name>vTaskRemoveFromUnorderedEventList</name>
         <value>0x1229</value>
         <object_component_ref idref="oc-7f"/>
      </symbol>
      <symbol id="sm-3a3">
         <name>vTaskPrioritySet</name>
         <value>0x12f9</value>
         <object_component_ref idref="oc-7f"/>
      </symbol>
      <symbol id="sm-3a4">
         <name>xTaskPriorityDisinherit</name>
         <value>0x775</value>
         <object_component_ref idref="oc-7f"/>
      </symbol>
      <symbol id="sm-3a5">
         <name>vTaskStartScheduler</name>
         <value>0x10cd</value>
         <object_component_ref idref="oc-7f"/>
      </symbol>
      <symbol id="sm-3a6">
         <name>vTaskInternalSetTimeOutState</name>
         <value>0xeff</value>
         <object_component_ref idref="oc-7f"/>
      </symbol>
      <symbol id="sm-3a7">
         <name>pvTaskIncrementMutexHeldCount</name>
         <value>0x1883</value>
         <object_component_ref idref="oc-7f"/>
      </symbol>
      <symbol id="sm-3a8">
         <name>vTaskSetThreadLocalStoragePointer</name>
         <value>0x115f</value>
         <object_component_ref idref="oc-7f"/>
      </symbol>
      <symbol id="sm-3a9">
         <name>xTaskGenericNotifyStateClear</name>
         <value>0x97d</value>
         <object_component_ref idref="oc-7f"/>
      </symbol>
      <symbol id="sm-3aa">
         <name>xTaskGenericNotify</name>
         <value>0xb45</value>
         <object_component_ref idref="oc-7f"/>
      </symbol>
      <symbol id="sm-3ab">
         <name>vTaskPriorityDisinheritAfterTimeout</name>
         <value>0x13e9</value>
         <object_component_ref idref="oc-7f"/>
      </symbol>
      <symbol id="sm-3ac">
         <name>xTaskCreate</name>
         <value>0xe99</value>
         <object_component_ref idref="oc-7f"/>
      </symbol>
      <symbol id="sm-3ad">
         <name>xTaskDelayUntil</name>
         <value>0xc8b</value>
         <object_component_ref idref="oc-7f"/>
      </symbol>
      <symbol id="sm-3ae">
         <name>vTaskEndScheduler</name>
         <value>0x1689</value>
         <object_component_ref idref="oc-7f"/>
      </symbol>
      <symbol id="sm-3af">
         <name>vTaskMissedYield</name>
         <value>0x156d</value>
         <object_component_ref idref="oc-7f"/>
      </symbol>
      <symbol id="sm-3b0">
         <name>uxTaskGetNumberOfTasks</name>
         <value>0x17d3</value>
         <object_component_ref idref="oc-7f"/>
      </symbol>
      <symbol id="sm-3b1">
         <name>xTaskCatchUpTicks</name>
         <value>0xf79</value>
         <object_component_ref idref="oc-7f"/>
      </symbol>
      <symbol id="sm-3b2">
         <name>xTaskGenericNotifyFromISR</name>
         <value>0x9c5</value>
         <object_component_ref idref="oc-7f"/>
      </symbol>
      <symbol id="sm-3b3">
         <name>uxTaskPriorityGet</name>
         <value>0x17bb</value>
         <object_component_ref idref="oc-7f"/>
      </symbol>
      <symbol id="sm-3b4">
         <name>xTaskResumeAll</name>
         <value>0x493</value>
         <object_component_ref idref="oc-7f"/>
      </symbol>
      <symbol id="sm-3b5">
         <name>xTaskGetTickCount</name>
         <value>0x819</value>
         <object_component_ref idref="oc-7f"/>
      </symbol>
      <symbol id="sm-3b6">
         <name>ulTaskGenericNotifyTake</name>
         <value>0x1805</value>
         <object_component_ref idref="oc-7f"/>
      </symbol>
      <symbol id="sm-3b7">
         <name>vTaskDelete</name>
         <value>0x16b3</value>
         <object_component_ref idref="oc-7f"/>
      </symbol>
      <symbol id="sm-3b8">
         <name>ulTaskGenericNotifyValueClear</name>
         <value>0x17dd</value>
         <object_component_ref idref="oc-7f"/>
      </symbol>
      <symbol id="sm-3b9">
         <name>xTaskGenericNotifyWait</name>
         <value>0x8c1</value>
         <object_component_ref idref="oc-7f"/>
      </symbol>
      <symbol id="sm-3ba">
         <name>pxCurrentTCB</name>
         <value>0x20002b58</value>
         <object_component_ref idref="oc-79"/>
      </symbol>
      <symbol id="sm-3bb">
         <name>vTaskSuspend</name>
         <value>0x1009</value>
         <object_component_ref idref="oc-7f"/>
      </symbol>
      <symbol id="sm-3bc">
         <name>xTaskGetTickCountFromISR</name>
         <value>0x80d</value>
         <object_component_ref idref="oc-7f"/>
      </symbol>
      <symbol id="sm-3bd">
         <name>vTaskResume</name>
         <value>0x1191</value>
         <object_component_ref idref="oc-7f"/>
      </symbol>
      <symbol id="sm-3be">
         <name>uxTopUsedPriority</name>
         <value>0x3630</value>
         <object_component_ref idref="oc-105"/>
      </symbol>
      <symbol id="sm-3bf">
         <name>vTaskPlaceOnEventListRestricted</name>
         <value>0x14f9</value>
         <object_component_ref idref="oc-7f"/>
      </symbol>
      <symbol id="sm-3c0">
         <name>vTaskSetTimeOutState</name>
         <value>0x1139</value>
         <object_component_ref idref="oc-7f"/>
      </symbol>
      <symbol id="sm-3c1">
         <name>xTaskIncrementTick</name>
         <value>0x363</value>
         <object_component_ref idref="oc-7f"/>
      </symbol>
      <symbol id="sm-3c2">
         <name>vTaskSwitchContext</name>
         <value>0xfa7</value>
         <object_component_ref idref="oc-7f"/>
      </symbol>
      <symbol id="sm-3c3">
         <name>uxTaskResetEventItemValue</name>
         <value>0x177f</value>
         <object_component_ref idref="oc-7f"/>
      </symbol>
      <symbol id="sm-3c4">
         <name>xTaskGetSchedulerState</name>
         <value>0x825</value>
         <object_component_ref idref="oc-7f"/>
      </symbol>
      <symbol id="sm-3c5">
         <name>xTaskResumeFromISR</name>
         <value>0x2a1</value>
         <object_component_ref idref="oc-7f"/>
      </symbol>
      <symbol id="sm-3c6">
         <name>xTaskGetCurrentTaskHandle</name>
         <value>0x83d</value>
         <object_component_ref idref="oc-7f"/>
      </symbol>
      <symbol id="sm-3c7">
         <name>vTaskPlaceOnUnorderedEventList</name>
         <value>0x148f</value>
         <object_component_ref idref="oc-7f"/>
      </symbol>
      <symbol id="sm-3c8">
         <name>xTaskRemoveFromEventList</name>
         <value>0x5f5</value>
         <object_component_ref idref="oc-7f"/>
      </symbol>
      <symbol id="sm-3c9">
         <name>xTaskPriorityInherit</name>
         <value>0x6d5</value>
         <object_component_ref idref="oc-7f"/>
      </symbol>
      <symbol id="sm-46a">
         <name>xTimerGetTimerDaemonTaskHandle</name>
         <value>0x2521</value>
         <object_component_ref idref="oc-ff"/>
      </symbol>
      <symbol id="sm-46b">
         <name>pcTimerGetName</name>
         <value>0x29e3</value>
         <object_component_ref idref="oc-ff"/>
      </symbol>
      <symbol id="sm-46c">
         <name>xTimerCreateTimerTask</name>
         <value>0x261b</value>
         <object_component_ref idref="oc-ff"/>
      </symbol>
      <symbol id="sm-46d">
         <name>xTimerGetExpiryTime</name>
         <value>0x2573</value>
         <object_component_ref idref="oc-ff"/>
      </symbol>
      <symbol id="sm-46e">
         <name>xTimerIsTimerActive</name>
         <value>0x24f9</value>
         <object_component_ref idref="oc-ff"/>
      </symbol>
      <symbol id="sm-46f">
         <name>xTimerGetPeriod</name>
         <value>0x255f</value>
         <object_component_ref idref="oc-ff"/>
      </symbol>
      <symbol id="sm-470">
         <name>xTimerGetReloadMode</name>
         <value>0x2537</value>
         <object_component_ref idref="oc-ff"/>
      </symbol>
      <symbol id="sm-471">
         <name>xTimerCreate</name>
         <value>0x2695</value>
         <object_component_ref idref="oc-ff"/>
      </symbol>
      <symbol id="sm-472">
         <name>vTimerSetReloadMode</name>
         <value>0x26e7</value>
         <object_component_ref idref="oc-ff"/>
      </symbol>
      <symbol id="sm-473">
         <name>xTimerGenericCommand</name>
         <value>0x2587</value>
         <object_component_ref idref="oc-ff"/>
      </symbol>
      <symbol id="sm-474">
         <name>uxTimerGetReloadMode</name>
         <value>0x271b</value>
         <object_component_ref idref="oc-ff"/>
      </symbol>
      <symbol id="sm-475">
         <name>pvTimerGetTimerID</name>
         <value>0x271f</value>
         <object_component_ref idref="oc-ff"/>
      </symbol>
      <symbol id="sm-476">
         <name>vTimerSetTimerID</name>
         <value>0x26c9</value>
         <object_component_ref idref="oc-ff"/>
      </symbol>
      <symbol id="sm-4b5">
         <name>ulMaxSyscallInterruptPriority</name>
         <value>0x3628</value>
         <object_component_ref idref="oc-7c"/>
      </symbol>
      <symbol id="sm-4b6">
         <name>vPortSetupTimerInterrupt</name>
         <value>0x2cc7</value>
         <object_component_ref idref="oc-32"/>
      </symbol>
      <symbol id="sm-4b7">
         <name>vPortEndScheduler</name>
         <value>0x2e05</value>
         <object_component_ref idref="oc-32"/>
      </symbol>
      <symbol id="sm-4b8">
         <name>xPortSysTickHandler</name>
         <value>0x2ca1</value>
         <object_component_ref idref="oc-32"/>
      </symbol>
      <symbol id="sm-4b9">
         <name>vPortValidateInterruptPriority</name>
         <value>0x2d71</value>
         <object_component_ref idref="oc-32"/>
      </symbol>
      <symbol id="sm-4ba">
         <name>pxPortInitialiseStack</name>
         <value>0x2e1b</value>
         <object_component_ref idref="oc-32"/>
      </symbol>
      <symbol id="sm-4bb">
         <name>vPortExitCritical</name>
         <value>0x2db3</value>
         <object_component_ref idref="oc-32"/>
      </symbol>
      <symbol id="sm-4bc">
         <name>xPortStartScheduler</name>
         <value>0x2cd9</value>
         <object_component_ref idref="oc-32"/>
      </symbol>
      <symbol id="sm-4bd">
         <name>vPortEnterCritical</name>
         <value>0x2dd5</value>
         <object_component_ref idref="oc-32"/>
      </symbol>
      <symbol id="sm-4cc">
         <name>vPortStartFirstTask</name>
         <value>0x31b9</value>
         <object_component_ref idref="oc-2d"/>
      </symbol>
      <symbol id="sm-4cd">
         <name>ulPortGetIPSR</name>
         <value>0x3121</value>
         <object_component_ref idref="oc-2d"/>
      </symbol>
      <symbol id="sm-4ce">
         <name>vPortEnableVFP</name>
         <value>0x31dd</value>
         <object_component_ref idref="oc-2d"/>
      </symbol>
      <symbol id="sm-4cf">
         <name>xPortPendSVHandler</name>
         <value>0x3139</value>
         <object_component_ref idref="oc-2d"/>
      </symbol>
      <symbol id="sm-4d0">
         <name>vPortSVCHandler</name>
         <value>0x3199</value>
         <object_component_ref idref="oc-2d"/>
      </symbol>
      <symbol id="sm-52a">
         <name>vPortInitialiseBlocks</name>
         <value>0x2a15</value>
         <object_component_ref idref="oc-f0"/>
      </symbol>
      <symbol id="sm-52b">
         <name>vPortGetHeapStats</name>
         <value>0x2a17</value>
         <object_component_ref idref="oc-f0"/>
      </symbol>
      <symbol id="sm-52c">
         <name>xPortGetFreeHeapSize</name>
         <value>0x2a0f</value>
         <object_component_ref idref="oc-f0"/>
      </symbol>
      <symbol id="sm-52d">
         <name>pvPortCalloc</name>
         <value>0x2c2f</value>
         <object_component_ref idref="oc-f0"/>
      </symbol>
      <symbol id="sm-52e">
         <name>pvPortMalloc</name>
         <value>0x2b59</value>
         <object_component_ref idref="oc-f0"/>
      </symbol>
      <symbol id="sm-52f">
         <name>vPortFree</name>
         <value>0x2ab9</value>
         <object_component_ref idref="oc-f0"/>
      </symbol>
      <symbol id="sm-530">
         <name>xPortGetMinimumEverFreeHeapSize</name>
         <value>0x2a09</value>
         <object_component_ref idref="oc-f0"/>
      </symbol>
      <symbol id="sm-54b">
         <name>memcpy</name>
         <value>0x32b5</value>
         <object_component_ref idref="oc-46"/>
      </symbol>
      <symbol id="sm-54c">
         <name>__aeabi_memcpy</name>
         <value>0x32b5</value>
         <object_component_ref idref="oc-46"/>
      </symbol>
      <symbol id="sm-54d">
         <name>__aeabi_memcpy8</name>
         <value>0x32b5</value>
         <object_component_ref idref="oc-46"/>
      </symbol>
      <symbol id="sm-54e">
         <name>__aeabi_memcpy4</name>
         <value>0x32b5</value>
         <object_component_ref idref="oc-46"/>
      </symbol>
      <symbol id="sm-55d">
         <name>__aeabi_memset</name>
         <value>0x33e5</value>
         <object_component_ref idref="oc-bc"/>
      </symbol>
      <symbol id="sm-55e">
         <name>memset</name>
         <value>0x33eb</value>
         <object_component_ref idref="oc-bc"/>
      </symbol>
      <symbol id="sm-55f">
         <name>__aeabi_memset8</name>
         <value>0x33e5</value>
         <object_component_ref idref="oc-bc"/>
      </symbol>
      <symbol id="sm-560">
         <name>__aeabi_memset4</name>
         <value>0x33e5</value>
         <object_component_ref idref="oc-bc"/>
      </symbol>
      <symbol id="sm-561">
         <name>__aeabi_memclr8</name>
         <value>0x33e3</value>
         <object_component_ref idref="oc-bc"/>
      </symbol>
      <symbol id="sm-562">
         <name>__aeabi_memclr4</name>
         <value>0x33e3</value>
         <object_component_ref idref="oc-bc"/>
      </symbol>
      <symbol id="sm-563">
         <name>__aeabi_memclr</name>
         <value>0x33e3</value>
         <object_component_ref idref="oc-bc"/>
      </symbol>
      <symbol id="sm-575">
         <name>__TI_zero_init</name>
         <value>0x35fd</value>
         <object_component_ref idref="oc-58"/>
      </symbol>
      <symbol id="sm-58c">
         <name>__TI_decompress_none</name>
         <value>0x35ef</value>
         <object_component_ref idref="oc-1b"/>
      </symbol>
      <symbol id="sm-5af">
         <name>__TI_decompress_lzss</name>
         <value>0x345d</value>
         <object_component_ref idref="oc-15"/>
      </symbol>
      <symbol id="sm-5c2">
         <name>__stack</name>
         <value>0x20002958</value>
         <object_component_ref idref="oc-24"/>
      </symbol>
      <symbol id="sm-5c3">
         <name>_c_int00_noargs</name>
         <value>0x3575</value>
         <object_component_ref idref="oc-64"/>
      </symbol>
      <symbol id="sm-5eb">
         <name>__TI_auto_init_nobinit_nopinit</name>
         <value>0x34c5</value>
         <object_component_ref idref="oc-16d"/>
      </symbol>
      <symbol id="sm-5f5">
         <name>_system_pre_init</name>
         <value>0x3621</value>
         <object_component_ref idref="oc-c2"/>
      </symbol>
      <symbol id="sm-601">
         <name>C$$EXIT</name>
         <value>0x3625</value>
         <object_component_ref idref="oc-161"/>
      </symbol>
      <symbol id="sm-602">
         <name>abort</name>
         <value>0x3625</value>
         <object_component_ref idref="oc-161"/>
      </symbol>
      <symbol id="sm-632">
         <name>GPIOPinTypeGPIOOutput</name>
         <value>0x35d5</value>
         <object_component_ref idref="oc-11b"/>
      </symbol>
      <symbol id="sm-633">
         <name>GPIODirModeSet</name>
         <value>0x35a9</value>
         <object_component_ref idref="oc-1fa"/>
      </symbol>
      <symbol id="sm-634">
         <name>GPIOPinWrite</name>
         <value>0x3615</value>
         <object_component_ref idref="oc-127"/>
      </symbol>
      <symbol id="sm-635">
         <name>GPIOPadConfigSet</name>
         <value>0x2eb1</value>
         <object_component_ref idref="oc-121"/>
      </symbol>
      <symbol id="sm-66c">
         <name>SysCtlClockSet</name>
         <value>0x301d</value>
         <object_component_ref idref="oc-109"/>
      </symbol>
      <symbol id="sm-66d">
         <name>SysCtlDelay</name>
         <value>0x361b</value>
         <object_component_ref idref="oc-1f5"/>
      </symbol>
      <symbol id="sm-66e">
         <name>SysCtlPeripheralEnable</name>
         <value>0x3541</value>
         <object_component_ref idref="oc-10f"/>
      </symbol>
      <symbol id="sm-66f">
         <name>SysCtlPeripheralReady</name>
         <value>0x3509</value>
         <object_component_ref idref="oc-115"/>
      </symbol>
      <symbol id="sm-671">
         <name>__TI_static_base__</name>
         <value>0x0</value>
      </symbol>
      <symbol id="sm-674">
         <name>__mpu_init</name>
         <value>0x0</value>
      </symbol>
      <symbol id="sm-675">
         <name>_system_post_cinit</name>
         <value>0x0</value>
      </symbol>
   </symbol_table>
   <title>Link successful</title>
</link_info>
