******************************************************************************
                  TI ARM Linker PC v20.2.7                     
******************************************************************************
>> Linked Tue Jul 18 17:48:30 2023

OUTPUT FILE NAME:   <Program1.out>
ENTRY POINT SYMBOL: "_c_int00_noargs"  address: 00003575


MEMORY CONFIGURATION

         name            origin    length      used     unused   attr    fill
----------------------  --------  ---------  --------  --------  ----  --------
  FLASH                 00000000   00040000  0000366c  0003c994  R  X
  SRAM                  20000000   00008000  00002bb8  00005448  RW X


SEGMENT ALLOCATION MAP

run origin  load origin   length   init length attrs members
----------  ----------- ---------- ----------- ----- -------
00000000    00000000    00003670   00003670    r-x
  00000000    00000000    00000278   00000278    r-- .intvecs
  00000278    00000278    000033b0   000033b0    r-x .text
  00003628    00003628    0000000c   0000000c    r-- .const
  00003638    00003638    00000038   00000038    r-- .cinit
20000000    20000000    00002bb8   00000000    rw-
  20000000    20000000    00002958   00000000    rw- .bss
  20002958    20002958    00000200   00000000    rw- .stack
  20002b58    20002b58    00000060   00000000    rw- .data


SECTION ALLOCATION MAP

 output                                  attributes/
section   page    origin      length       input sections
--------  ----  ----------  ----------   ----------------
.intvecs   0    00000000    00000278     
                  00000000    00000278     tm4c123gh6pm_startup_ccs.obj (.intvecs)

.text      0    00000278    000033b0     
                  00000278    000016e0     tasks.obj (.text)
                  00001958    00000ba0     queue.obj (.text)
                  000024f8    00000510     timers.obj (.text)
                  00002a08    00000298     heap_4.obj (.text)
                  00002ca0    00000210     port.obj (.text)
                  00002eb0    0000016c     driverlib.lib : gpio.obj (.text:GPIOPadConfigSet)
                  0000301c    000000f4                   : sysctl.obj (.text:SysCtlClockSet)
                  00003110    000000da     portasm.obj (.text)
                  000031ea    00000002     --HOLE-- [fill = 0]
                  000031ec    000000c8     main.obj (.text)
                  000032b4    0000009c     rtsv7M4_T_le_v4SPD16_eabi.lib : memcpy_t2.asm.obj (.text)
                  00003350    00000092     list.obj (.text)
                  000033e2    0000007a     rtsv7M4_T_le_v4SPD16_eabi.lib : memset_t2.asm.obj (.text)
                  0000345c    00000068                                   : copy_decompress_lzss.c.obj (.text:decompress:lzss:__TI_decompress_lzss)
                  000034c4    00000044                                   : autoinit.c.obj (.text:__TI_auto_init_nobinit_nopinit:__TI_auto_init_nobinit_nopinit)
                  00003508    00000038     driverlib.lib : sysctl.obj (.text:SysCtlPeripheralReady)
                  00003540    00000034                   : sysctl.obj (.text:SysCtlPeripheralEnable)
                  00003574    00000034     rtsv7M4_T_le_v4SPD16_eabi.lib : boot_cortex_m.c.obj (.text:_c_int00_noargs:_c_int00_noargs)
                  000035a8    0000002c     driverlib.lib : gpio.obj (.text:GPIODirModeSet)
                  000035d4    0000001a                   : gpio.obj (.text:GPIOPinTypeGPIOOutput)
                  000035ee    0000000e     rtsv7M4_T_le_v4SPD16_eabi.lib : copy_decompress_none.c.obj (.text:decompress:none:__TI_decompress_none)
                  000035fc    0000000c                                   : copy_zero_init.c.obj (.text:decompress:ZI:__TI_zero_init)
                  00003608    0000000c     tm4c123gh6pm_startup_ccs.obj (.text)
                  00003614    00000006     driverlib.lib : gpio.obj (.text:GPIOPinWrite)
                  0000361a    00000006                   : sysctl.obj (.text:SysCtlDelay)
                  00003620    00000004     rtsv7M4_T_le_v4SPD16_eabi.lib : pre_init.c.obj (.text:_system_pre_init)
                  00003624    00000004                                   : exit.c.obj (.text:abort:abort)

.const     0    00003628    0000000c     
                  00003628    00000008     port.obj (.const)
                  00003630    00000004     tasks.obj (.const)

.cinit     0    00003638    00000038     
                  00003638    00000012     (.cinit..data.load) [load image, compression = lzss]
                  0000364a    00000002     --HOLE-- [fill = 0]
                  0000364c    0000000c     (__TI_handler_table)
                  00003658    00000008     (.cinit..bss.load) [load image, compression = zero_init]
                  00003660    00000010     (__TI_cinit_table)

.init_array 
*          0    00000000    00000000     UNINITIALIZED

.bss       0    20000000    00002958     UNINITIALIZED
                  20000000    00002800     heap_4.obj (.bss:ucHeap)
                  20002800    00000064     tasks.obj (.bss:pxReadyTasksLists)
                  20002864    00000050     (.common:xQueueRegistry)
                  200028b4    00000014     timers.obj (.bss:xActiveTimerList1)
                  200028c8    00000014     timers.obj (.bss:xActiveTimerList2)
                  200028dc    00000014     tasks.obj (.bss:xDelayedTaskList1)
                  200028f0    00000014     tasks.obj (.bss:xDelayedTaskList2)
                  20002904    00000014     tasks.obj (.bss:xPendingReadyList)
                  20002918    00000014     tasks.obj (.bss:xSuspendedTaskList)
                  2000292c    00000014     tasks.obj (.bss:xTasksWaitingTermination)
                  20002940    00000008     tasks.obj (.bss)
                  20002948    00000008     timers.obj (.bss)
                  20002950    00000008     heap_4.obj (.bss:xStart)

.data      0    20002b58    00000060     UNINITIALIZED
                  20002b58    00000034     tasks.obj (.data)
                  20002b8c    00000014     heap_4.obj (.data)
                  20002ba0    0000000c     port.obj (.data)
                  20002bac    0000000c     timers.obj (.data)

.stack     0    20002958    00000200     UNINITIALIZED
                  20002958    00000004     rtsv7M4_T_le_v4SPD16_eabi.lib : boot_cortex_m.c.obj (.stack)
                  2000295c    000001fc     --HOLE--

__llvm_prf_cnts 
*          0    20000000    00000000     UNINITIALIZED

MODULE SUMMARY

       Module                         code    ro data   rw data
       ------                         ----    -------   -------
    .\
       tm4c123gh6pm_startup_ccs.obj   12      632       0      
       main.obj                       200     0         0      
    +--+------------------------------+-------+---------+---------+
       Total:                         212     632       0      
                                                               
    .\FreeRTOS\
       tasks.obj                      5856    4         260    
       queue.obj                      2976    0         80     
       timers.obj                     1296    0         60     
       list.obj                       146     0         0      
    +--+------------------------------+-------+---------+---------+
       Total:                         10274   4         400    
                                                               
    .\FreeRTOS\portable\CCS\ARM_CM4F\
       port.obj                       528     8         12     
       portasm.obj                    218     0         0      
    +--+------------------------------+-------+---------+---------+
       Total:                         746     8         12     
                                                               
    .\FreeRTOS\portable\MemMang\
       heap_4.obj                     664     0         10268  
    +--+------------------------------+-------+---------+---------+
       Total:                         664     0         10268  
                                                               
    C:/ti/TivaWare_C_Series-2.2.0.295/driverlib/ccs/Debug/driverlib.lib
       gpio.obj                       440     0         0      
       sysctl.obj                     358     0         0      
    +--+------------------------------+-------+---------+---------+
       Total:                         798     0         0      
                                                               
    C:\ti\ccs1210\ccs\tools\compiler\ti-cgt-arm_20.2.7.LTS\lib\rtsv7M4_T_le_v4SPD16_eabi.lib
       memcpy_t2.asm.obj              156     0         0      
       memset_t2.asm.obj              122     0         0      
       copy_decompress_lzss.c.obj     104     0         0      
       autoinit.c.obj                 68      0         0      
       boot_cortex_m.c.obj            52      0         0      
       copy_decompress_none.c.obj     14      0         0      
       copy_zero_init.c.obj           12      0         0      
       exit.c.obj                     4       0         0      
       pre_init.c.obj                 4       0         0      
    +--+------------------------------+-------+---------+---------+
       Total:                         536     0         0      
                                                               
       Stack:                         0       0         512    
       Linker Generated:              0       54        0      
    +--+------------------------------+-------+---------+---------+
       Grand Total:                   13230   698       11192  


LINKER GENERATED COPY TABLES

__TI_cinit_table @ 00003660 records: 2, size/record: 8, table size: 16
	.data: load addr=00003638, load size=00000012 bytes, run addr=20002b58, run size=00000060 bytes, compression=lzss
	.bss: load addr=00003658, load size=00000008 bytes, run addr=20000000, run size=00002958 bytes, compression=zero_init


LINKER GENERATED HANDLER TABLE

__TI_handler_table @ 0000364c records: 3, size/record: 4, table size: 12
	index: 0, handler: __TI_decompress_lzss
	index: 1, handler: __TI_decompress_none
	index: 2, handler: __TI_zero_init


GLOBAL SYMBOLS: SORTED ALPHABETICALLY BY Name 

address   name                               
-------   ----                               
00003625  C$$EXIT                            
000035a9  GPIODirModeSet                     
00002eb1  GPIOPadConfigSet                   
000035d5  GPIOPinTypeGPIOOutput              
00003615  GPIOPinWrite                       
00003609  ResetISR                           
0000301d  SysCtlClockSet                     
0000361b  SysCtlDelay                        
00003541  SysCtlPeripheralEnable             
00003509  SysCtlPeripheralReady              
20002b58  __STACK_END                        
00000200  __STACK_SIZE                       
20002b58  __STACK_TOP                        
00003660  __TI_CINIT_Base                    
00003670  __TI_CINIT_Limit                   
0000364c  __TI_Handler_Table_Base            
00003658  __TI_Handler_Table_Limit           
000034c5  __TI_auto_init_nobinit_nopinit     
0000345d  __TI_decompress_lzss               
000035ef  __TI_decompress_none               
ffffffff  __TI_pprof_out_hndl                
ffffffff  __TI_prof_data_size                
ffffffff  __TI_prof_data_start               
00000000  __TI_static_base__                 
000035fd  __TI_zero_init                     
000033e3  __aeabi_memclr                     
000033e3  __aeabi_memclr4                    
000033e3  __aeabi_memclr8                    
000032b5  __aeabi_memcpy                     
000032b5  __aeabi_memcpy4                    
000032b5  __aeabi_memcpy8                    
000033e5  __aeabi_memset                     
000033e5  __aeabi_memset4                    
000033e5  __aeabi_memset8                    
ffffffff  __binit__                          
ffffffff  __c_args__                         
UNDEFED   __mpu_init                         
20002958  __stack                            
20000000  __start___llvm_prf_cnts            
20000000  __stop___llvm_prf_cnts             
00003575  _c_int00_noargs                    
UNDEFED   _system_post_cinit                 
00003621  _system_pre_init                   
00003625  abort                              
ffffffff  binit                              
00000000  g_pfnVectors                       
000031ef  main                               
000032b5  memcpy                             
000033eb  memset                             
000024c5  pcQueueGetName                     
00001911  pcTaskGetName                      
000029e3  pcTimerGetName                     
00002c2f  pvPortCalloc                       
00002b59  pvPortMalloc                       
00001897  pvTaskGetThreadLocalStoragePointer 
00001883  pvTaskIncrementMutexHeldCount      
0000271f  pvTimerGetTimerID                  
20002b58  pxCurrentTCB                       
00002e1b  pxPortInitialiseStack              
00003628  ulMaxSyscallInterruptPriority      
00003121  ulPortGetIPSR                      
00001805  ulTaskGenericNotifyTake            
000017dd  ulTaskGenericNotifyValueClear      
000033bd  uxListRemove                       
000024a7  uxQueueMessagesWaiting             
00002493  uxQueueMessagesWaitingFromISR      
00002473  uxQueueSpacesAvailable             
000017d3  uxTaskGetNumberOfTasks             
000017bb  uxTaskPriorityGet                  
00001793  uxTaskPriorityGetFromISR           
0000177f  uxTaskResetEventItemValue          
0000271b  uxTimerGetReloadMode               
00003630  uxTopUsedPriority                  
000031ed  vAssertCalled                      
000033a7  vListInitialise                    
000033a1  vListInitialiseItem                
00003369  vListInsert                        
00003351  vListInsertEnd                     
000031dd  vPortEnableVFP                     
00002e05  vPortEndScheduler                  
00002dd5  vPortEnterCritical                 
00002db3  vPortExitCritical                  
00002ab9  vPortFree                          
00002a17  vPortGetHeapStats                  
00002a15  vPortInitialiseBlocks              
00003199  vPortSVCHandler                    
00002cc7  vPortSetupTimerInterrupt           
000031b9  vPortStartFirstTask                
00002d71  vPortValidateInterruptPriority     
0000242d  vQueueAddToRegistry                
00002409  vQueueDelete                       
000023d9  vQueueUnregisterQueue              
00002391  vQueueWaitForMessageRestricted     
00001745  vTaskDelay                         
000016b3  vTaskDelete                        
00001689  vTaskEndScheduler                  
00001579  vTaskGenericNotifyGiveFromISR      
00000eff  vTaskInternalSetTimeOutState       
0000156d  vTaskMissedYield                   
00001545  vTaskPlaceOnEventList              
000014f9  vTaskPlaceOnEventListRestricted    
0000148f  vTaskPlaceOnUnorderedEventList     
000013e9  vTaskPriorityDisinheritAfterTimeout
000012f9  vTaskPrioritySet                   
00001229  vTaskRemoveFromUnorderedEventList  
00001191  vTaskResume                        
0000115f  vTaskSetThreadLocalStoragePointer  
00001139  vTaskSetTimeOutState               
000010cd  vTaskStartScheduler                
00001009  vTaskSuspend                       
00000c81  vTaskSuspendAll                    
00000fa7  vTaskSwitchContext                 
000026e7  vTimerSetReloadMode                
000026c9  vTimerSetTimerID                   
00002a0f  xPortGetFreeHeapSize               
00002a09  xPortGetMinimumEverFreeHeapSize    
00003139  xPortPendSVHandler                 
00002cd9  xPortStartScheduler                
00002ca1  xPortSysTickHandler                
00002367  xQueueCreateCountingSemaphore      
00002351  xQueueCreateMutex                  
000022f3  xQueueGenericCreate                
0000222d  xQueueGenericReset                 
000020f5  xQueueGenericSend                  
00002013  xQueueGenericSendFromISR           
00001ef9  xQueueGiveFromISR                  
00001edd  xQueueIsQueueEmptyFromISR          
00001ebf  xQueueIsQueueFullFromISR           
00001d9f  xQueuePeek                         
00001d39  xQueuePeekFromISR                  
00001bf9  xQueueReceive                      
00001b5b  xQueueReceiveFromISR               
20002864  xQueueRegistry                     
000019e7  xQueueSemaphoreTake                
00000f79  xTaskCatchUpTicks                  
00000f0d  xTaskCheckForTimeOut               
00000e99  xTaskCreate                        
00000c8b  xTaskDelayUntil                    
00000b45  xTaskGenericNotify                 
000009c5  xTaskGenericNotifyFromISR          
0000097d  xTaskGenericNotifyStateClear       
000008c1  xTaskGenericNotifyWait             
0000083d  xTaskGetCurrentTaskHandle          
00000825  xTaskGetSchedulerState             
00000819  xTaskGetTickCount                  
0000080d  xTaskGetTickCountFromISR           
00000363  xTaskIncrementTick                 
00000775  xTaskPriorityDisinherit            
000006d5  xTaskPriorityInherit               
000005f5  xTaskRemoveFromEventList           
00000493  xTaskResumeAll                     
000002a1  xTaskResumeFromISR                 
00002695  xTimerCreate                       
0000261b  xTimerCreateTimerTask              
00002587  xTimerGenericCommand               
00002573  xTimerGetExpiryTime                
0000255f  xTimerGetPeriod                    
00002537  xTimerGetReloadMode                
00002521  xTimerGetTimerDaemonTaskHandle     
000024f9  xTimerIsTimerActive                


GLOBAL SYMBOLS: SORTED BY Symbol Address 

address   name                               
-------   ----                               
00000000  __TI_static_base__                 
00000000  g_pfnVectors                       
00000200  __STACK_SIZE                       
000002a1  xTaskResumeFromISR                 
00000363  xTaskIncrementTick                 
00000493  xTaskResumeAll                     
000005f5  xTaskRemoveFromEventList           
000006d5  xTaskPriorityInherit               
00000775  xTaskPriorityDisinherit            
0000080d  xTaskGetTickCountFromISR           
00000819  xTaskGetTickCount                  
00000825  xTaskGetSchedulerState             
0000083d  xTaskGetCurrentTaskHandle          
000008c1  xTaskGenericNotifyWait             
0000097d  xTaskGenericNotifyStateClear       
000009c5  xTaskGenericNotifyFromISR          
00000b45  xTaskGenericNotify                 
00000c81  vTaskSuspendAll                    
00000c8b  xTaskDelayUntil                    
00000e99  xTaskCreate                        
00000eff  vTaskInternalSetTimeOutState       
00000f0d  xTaskCheckForTimeOut               
00000f79  xTaskCatchUpTicks                  
00000fa7  vTaskSwitchContext                 
00001009  vTaskSuspend                       
000010cd  vTaskStartScheduler                
00001139  vTaskSetTimeOutState               
0000115f  vTaskSetThreadLocalStoragePointer  
00001191  vTaskResume                        
00001229  vTaskRemoveFromUnorderedEventList  
000012f9  vTaskPrioritySet                   
000013e9  vTaskPriorityDisinheritAfterTimeout
0000148f  vTaskPlaceOnUnorderedEventList     
000014f9  vTaskPlaceOnEventListRestricted    
00001545  vTaskPlaceOnEventList              
0000156d  vTaskMissedYield                   
00001579  vTaskGenericNotifyGiveFromISR      
00001689  vTaskEndScheduler                  
000016b3  vTaskDelete                        
00001745  vTaskDelay                         
0000177f  uxTaskResetEventItemValue          
00001793  uxTaskPriorityGetFromISR           
000017bb  uxTaskPriorityGet                  
000017d3  uxTaskGetNumberOfTasks             
000017dd  ulTaskGenericNotifyValueClear      
00001805  ulTaskGenericNotifyTake            
00001883  pvTaskIncrementMutexHeldCount      
00001897  pvTaskGetThreadLocalStoragePointer 
00001911  pcTaskGetName                      
000019e7  xQueueSemaphoreTake                
00001b5b  xQueueReceiveFromISR               
00001bf9  xQueueReceive                      
00001d39  xQueuePeekFromISR                  
00001d9f  xQueuePeek                         
00001ebf  xQueueIsQueueFullFromISR           
00001edd  xQueueIsQueueEmptyFromISR          
00001ef9  xQueueGiveFromISR                  
00002013  xQueueGenericSendFromISR           
000020f5  xQueueGenericSend                  
0000222d  xQueueGenericReset                 
000022f3  xQueueGenericCreate                
00002351  xQueueCreateMutex                  
00002367  xQueueCreateCountingSemaphore      
00002391  vQueueWaitForMessageRestricted     
000023d9  vQueueUnregisterQueue              
00002409  vQueueDelete                       
0000242d  vQueueAddToRegistry                
00002473  uxQueueSpacesAvailable             
00002493  uxQueueMessagesWaitingFromISR      
000024a7  uxQueueMessagesWaiting             
000024c5  pcQueueGetName                     
000024f9  xTimerIsTimerActive                
00002521  xTimerGetTimerDaemonTaskHandle     
00002537  xTimerGetReloadMode                
0000255f  xTimerGetPeriod                    
00002573  xTimerGetExpiryTime                
00002587  xTimerGenericCommand               
0000261b  xTimerCreateTimerTask              
00002695  xTimerCreate                       
000026c9  vTimerSetTimerID                   
000026e7  vTimerSetReloadMode                
0000271b  uxTimerGetReloadMode               
0000271f  pvTimerGetTimerID                  
000029e3  pcTimerGetName                     
00002a09  xPortGetMinimumEverFreeHeapSize    
00002a0f  xPortGetFreeHeapSize               
00002a15  vPortInitialiseBlocks              
00002a17  vPortGetHeapStats                  
00002ab9  vPortFree                          
00002b59  pvPortMalloc                       
00002c2f  pvPortCalloc                       
00002ca1  xPortSysTickHandler                
00002cc7  vPortSetupTimerInterrupt           
00002cd9  xPortStartScheduler                
00002d71  vPortValidateInterruptPriority     
00002db3  vPortExitCritical                  
00002dd5  vPortEnterCritical                 
00002e05  vPortEndScheduler                  
00002e1b  pxPortInitialiseStack              
00002eb1  GPIOPadConfigSet                   
0000301d  SysCtlClockSet                     
00003121  ulPortGetIPSR                      
00003139  xPortPendSVHandler                 
00003199  vPortSVCHandler                    
000031b9  vPortStartFirstTask                
000031dd  vPortEnableVFP                     
000031ed  vAssertCalled                      
000031ef  main                               
000032b5  __aeabi_memcpy                     
000032b5  __aeabi_memcpy4                    
000032b5  __aeabi_memcpy8                    
000032b5  memcpy                             
00003351  vListInsertEnd                     
00003369  vListInsert                        
000033a1  vListInitialiseItem                
000033a7  vListInitialise                    
000033bd  uxListRemove                       
000033e3  __aeabi_memclr                     
000033e3  __aeabi_memclr4                    
000033e3  __aeabi_memclr8                    
000033e5  __aeabi_memset                     
000033e5  __aeabi_memset4                    
000033e5  __aeabi_memset8                    
000033eb  memset                             
0000345d  __TI_decompress_lzss               
000034c5  __TI_auto_init_nobinit_nopinit     
00003509  SysCtlPeripheralReady              
00003541  SysCtlPeripheralEnable             
00003575  _c_int00_noargs                    
000035a9  GPIODirModeSet                     
000035d5  GPIOPinTypeGPIOOutput              
000035ef  __TI_decompress_none               
000035fd  __TI_zero_init                     
00003609  ResetISR                           
00003615  GPIOPinWrite                       
0000361b  SysCtlDelay                        
00003621  _system_pre_init                   
00003625  C$$EXIT                            
00003625  abort                              
00003628  ulMaxSyscallInterruptPriority      
00003630  uxTopUsedPriority                  
0000364c  __TI_Handler_Table_Base            
00003658  __TI_Handler_Table_Limit           
00003660  __TI_CINIT_Base                    
00003670  __TI_CINIT_Limit                   
20000000  __start___llvm_prf_cnts            
20000000  __stop___llvm_prf_cnts             
20002864  xQueueRegistry                     
20002958  __stack                            
20002b58  __STACK_END                        
20002b58  __STACK_TOP                        
20002b58  pxCurrentTCB                       
ffffffff  __TI_pprof_out_hndl                
ffffffff  __TI_prof_data_size                
ffffffff  __TI_prof_data_start               
ffffffff  __binit__                          
ffffffff  __c_args__                         
ffffffff  binit                              
UNDEFED   __mpu_init                         
UNDEFED   _system_post_cinit                 

[160 symbols]
